Component: Arm Compiler for Embedded 6.22 Tool: armlink [5ee90200]

==============================================================================

Section Cross References

    startup_stm32g474xx.o(STACK) refers (Special) to heapauxi.o(.text) for __use_two_region_memory
    startup_stm32g474xx.o(HEAP) refers (Special) to heapauxi.o(.text) for __use_two_region_memory
    startup_stm32g474xx.o(RESET) refers (Special) to heapauxi.o(.text) for __use_two_region_memory
    startup_stm32g474xx.o(RESET) refers to startup_stm32g474xx.o(STACK) for __initial_sp
    startup_stm32g474xx.o(RESET) refers to startup_stm32g474xx.o(.text) for Reset_Handler
    startup_stm32g474xx.o(RESET) refers to stm32g4xx_it.o(.text.NMI_Handler) for NMI_Handler
    startup_stm32g474xx.o(RESET) refers to stm32g4xx_it.o(.text.HardFault_Handler) for HardFault_Handler
    startup_stm32g474xx.o(RESET) refers to stm32g4xx_it.o(.text.MemManage_Handler) for MemManage_Handler
    startup_stm32g474xx.o(RESET) refers to stm32g4xx_it.o(.text.BusFault_Handler) for BusFault_Handler
    startup_stm32g474xx.o(RESET) refers to stm32g4xx_it.o(.text.UsageFault_Handler) for UsageFault_Handler
    startup_stm32g474xx.o(RESET) refers to stm32g4xx_it.o(.text.SVC_Handler) for SVC_Handler
    startup_stm32g474xx.o(RESET) refers to stm32g4xx_it.o(.text.DebugMon_Handler) for DebugMon_Handler
    startup_stm32g474xx.o(RESET) refers to stm32g4xx_it.o(.text.PendSV_Handler) for PendSV_Handler
    startup_stm32g474xx.o(RESET) refers to stm32g4xx_it.o(.text.SysTick_Handler) for SysTick_Handler
    startup_stm32g474xx.o(RESET) refers to usart.o(.text.USART1_IRQHandler) for USART1_IRQHandler
    startup_stm32g474xx.o(.text) refers (Special) to heapauxi.o(.text) for __use_two_region_memory
    startup_stm32g474xx.o(.text) refers to system_stm32g4xx.o(.text.SystemInit) for SystemInit
    startup_stm32g474xx.o(.text) refers to __main.o(!!!main) for __main
    startup_stm32g474xx.o(.text) refers to startup_stm32g474xx.o(HEAP) for Heap_Mem
    startup_stm32g474xx.o(.text) refers to startup_stm32g474xx.o(STACK) for Stack_Mem
    main.o(.text.led_init) refers to stm32g4xx_hal_gpio.o(.text.HAL_GPIO_Init) for HAL_GPIO_Init
    main.o(.text.led_init) refers to stm32g4xx_hal_gpio.o(.text.HAL_GPIO_WritePin) for HAL_GPIO_WritePin
    main.o(.ARM.exidx.text.led_init) refers to main.o(.text.led_init) for [Anonymous Symbol]
    main.o(.text.main) refers to stm32g4xx_hal.o(.text.HAL_Init) for HAL_Init
    main.o(.text.main) refers to sys.o(.text.sys_stm32_clock_init) for sys_stm32_clock_init
    main.o(.text.main) refers to delay.o(.text.delay_init) for delay_init
    main.o(.text.main) refers to main.o(.text.led_init) for led_init
    main.o(.text.main) refers to stm32g4xx_hal_gpio.o(.text.HAL_GPIO_WritePin) for HAL_GPIO_WritePin
    main.o(.text.main) refers to delay.o(.text.delay_ms) for delay_ms
    main.o(.ARM.exidx.text.main) refers to main.o(.text.main) for [Anonymous Symbol]
    stm32g4xx_it.o(.ARM.exidx.text.NMI_Handler) refers to stm32g4xx_it.o(.text.NMI_Handler) for [Anonymous Symbol]
    stm32g4xx_it.o(.ARM.exidx.text.HardFault_Handler) refers to stm32g4xx_it.o(.text.HardFault_Handler) for [Anonymous Symbol]
    stm32g4xx_it.o(.ARM.exidx.text.MemManage_Handler) refers to stm32g4xx_it.o(.text.MemManage_Handler) for [Anonymous Symbol]
    stm32g4xx_it.o(.ARM.exidx.text.BusFault_Handler) refers to stm32g4xx_it.o(.text.BusFault_Handler) for [Anonymous Symbol]
    stm32g4xx_it.o(.ARM.exidx.text.UsageFault_Handler) refers to stm32g4xx_it.o(.text.UsageFault_Handler) for [Anonymous Symbol]
    stm32g4xx_it.o(.ARM.exidx.text.SVC_Handler) refers to stm32g4xx_it.o(.text.SVC_Handler) for [Anonymous Symbol]
    stm32g4xx_it.o(.ARM.exidx.text.DebugMon_Handler) refers to stm32g4xx_it.o(.text.DebugMon_Handler) for [Anonymous Symbol]
    stm32g4xx_it.o(.ARM.exidx.text.PendSV_Handler) refers to stm32g4xx_it.o(.text.PendSV_Handler) for [Anonymous Symbol]
    stm32g4xx_it.o(.text.SysTick_Handler) refers to stm32g4xx_hal.o(.text.HAL_IncTick) for HAL_IncTick
    stm32g4xx_it.o(.ARM.exidx.text.SysTick_Handler) refers to stm32g4xx_it.o(.text.SysTick_Handler) for [Anonymous Symbol]
    stm32g4xx_hal.o(.text.HAL_Init) refers to stm32g4xx_hal_cortex.o(.text.HAL_NVIC_SetPriorityGrouping) for HAL_NVIC_SetPriorityGrouping
    stm32g4xx_hal.o(.text.HAL_Init) refers to stm32g4xx_hal.o(.text.HAL_InitTick) for HAL_InitTick
    stm32g4xx_hal.o(.text.HAL_Init) refers to stm32g4xx_hal.o(.text.HAL_MspInit) for HAL_MspInit
    stm32g4xx_hal.o(.ARM.exidx.text.HAL_Init) refers to stm32g4xx_hal.o(.text.HAL_Init) for [Anonymous Symbol]
    stm32g4xx_hal.o(.text.HAL_InitTick) refers to stm32g4xx_hal.o(.data.uwTickFreq) for uwTickFreq
    stm32g4xx_hal.o(.text.HAL_InitTick) refers to system_stm32g4xx.o(.data.SystemCoreClock) for SystemCoreClock
    stm32g4xx_hal.o(.text.HAL_InitTick) refers to stm32g4xx_hal_cortex.o(.text.HAL_SYSTICK_Config) for HAL_SYSTICK_Config
[...]
    Removing stm32g4xx_hal_uart.o(.ARM.exidx.text.HAL_UART_IRQHandler), (8 bytes).
    Removing stm32g4xx_hal_uart.o(.ARM.exidx.text.UART_DMAAbortOnError), (8 bytes).
    Removing stm32g4xx_hal_uart.o(.ARM.exidx.text.HAL_UART_ErrorCallback), (8 bytes).
    Removing stm32g4xx_hal_uart.o(.ARM.exidx.text.HAL_UARTEx_RxEventCallback), (8 bytes).
    Removing stm32g4xx_hal_uart.o(.ARM.exidx.text.UART_EndTransmit_IT), (8 bytes).
    Removing stm32g4xx_hal_uart.o(.ARM.exidx.text.HAL_UART_TxCpltCallback), (8 bytes).
    Removing stm32g4xx_hal_uart.o(.text.HAL_UART_TxHalfCpltCallback), (8 bytes).
    Removing stm32g4xx_hal_uart.o(.ARM.exidx.text.HAL_UART_TxHalfCpltCallback), (8 bytes).
    Removing stm32g4xx_hal_uart.o(.text.HAL_UART_RxCpltCallback), (8 bytes).
    Removing stm32g4xx_hal_uart.o(.ARM.exidx.text.HAL_UART_RxCpltCallback), (8 bytes).
    Removing stm32g4xx_hal_uart.o(.text.HAL_UART_RxHalfCpltCallback), (8 bytes).
    Removing stm32g4xx_hal_uart.o(.ARM.exidx.text.HAL_UART_RxHalfCpltCallback), (8 bytes).
    Removing stm32g4xx_hal_uart.o(.text.HAL_UART_ReceiverTimeout_Config), (50 bytes).
    Removing stm32g4xx_hal_uart.o(.ARM.exidx.text.HAL_UART_ReceiverTimeout_Config), (8 bytes).
    Removing stm32g4xx_hal_uart.o(.text.HAL_UART_EnableReceiverTimeout), (140 bytes).
    Removing stm32g4xx_hal_uart.o(.ARM.exidx.text.HAL_UART_EnableReceiverTimeout), (8 bytes).
    Removing stm32g4xx_hal_uart.o(.text.HAL_UART_DisableReceiverTimeout), (140 bytes).
    Removing stm32g4xx_hal_uart.o(.ARM.exidx.text.HAL_UART_DisableReceiverTimeout), (8 bytes).
    Removing stm32g4xx_hal_uart.o(.text.HAL_MultiProcessor_EnableMuteMode), (114 bytes).
    Removing stm32g4xx_hal_uart.o(.ARM.exidx.text.HAL_MultiProcessor_EnableMuteMode), (8 bytes).
    Removing stm32g4xx_hal_uart.o(.text.HAL_MultiProcessor_DisableMuteMode), (114 bytes).
    Removing stm32g4xx_hal_uart.o(.ARM.exidx.text.HAL_MultiProcessor_DisableMuteMode), (8 bytes).
    Removing stm32g4xx_hal_uart.o(.text.HAL_MultiProcessor_EnterMuteMode), (20 bytes).
    Removing stm32g4xx_hal_uart.o(.ARM.exidx.text.HAL_MultiProcessor_EnterMuteMode), (8 bytes).
    Removing stm32g4xx_hal_uart.o(.text.HAL_HalfDuplex_EnableTransmitter), (158 bytes).
    Removing stm32g4xx_hal_uart.o(.ARM.exidx.text.HAL_HalfDuplex_EnableTransmitter), (8 bytes).
    Removing stm32g4xx_hal_uart.o(.text.HAL_HalfDuplex_EnableReceiver), (158 bytes).
    Removing stm32g4xx_hal_uart.o(.ARM.exidx.text.HAL_HalfDuplex_EnableReceiver), (8 bytes).
    Removing stm32g4xx_hal_uart.o(.text.HAL_LIN_SendBreak), (94 bytes).
    Removing stm32g4xx_hal_uart.o(.ARM.exidx.text.HAL_LIN_SendBreak), (8 bytes).
    Removing stm32g4xx_hal_uart.o(.ARM.exidx.text.HAL_UART_GetState), (8 bytes).
    Removing stm32g4xx_hal_uart.o(.text.HAL_UART_GetError), (14 bytes).
    Removing stm32g4xx_hal_uart.o(.ARM.exidx.text.HAL_UART_GetError), (8 bytes).
    Removing stm32g4xx_hal_uart.o(.ARM.exidx.text.UART_RxISR_16BIT_FIFOEN), (8 bytes).
    Removing stm32g4xx_hal_uart.o(.ARM.exidx.text.UART_RxISR_8BIT_FIFOEN), (8 bytes).
    Removing stm32g4xx_hal_uart.o(.ARM.exidx.text.UART_RxISR_16BIT), (8 bytes).
    Removing stm32g4xx_hal_uart.o(.ARM.exidx.text.UART_RxISR_8BIT), (8 bytes).
    Removing stm32g4xx_hal_uart.o(.text.UART_DMAReceiveCplt), (248 bytes).
    Removing stm32g4xx_hal_uart.o(.ARM.exidx.text.UART_DMAReceiveCplt), (8 bytes).
    Removing stm32g4xx_hal_uart.o(.text.UART_DMARxHalfCplt), (54 bytes).
    Removing stm32g4xx_hal_uart.o(.ARM.exidx.text.UART_DMARxHalfCplt), (8 bytes).
    Removing stm32g4xx_hal_uart.o(.rodata.UARTPrescTable), (24 bytes).
    Removing stm32g4xx_hal_uart_ex.o(.text), (0 bytes).
    Removing stm32g4xx_hal_uart_ex.o(.text.HAL_RS485Ex_Init), (208 bytes).
    Removing stm32g4xx_hal_uart_ex.o(.ARM.exidx.text.HAL_RS485Ex_Init), (8 bytes).
    Removing stm32g4xx_hal_uart_ex.o(.ARM.exidx.text.HAL_UARTEx_WakeupCallback), (8 bytes).
    Removing stm32g4xx_hal_uart_ex.o(.ARM.exidx.text.HAL_UARTEx_RxFifoFullCallback), (8 bytes).
    Removing stm32g4xx_hal_uart_ex.o(.ARM.exidx.text.HAL_UARTEx_TxFifoEmptyCallback), (8 bytes).
    Removing stm32g4xx_hal_uart_ex.o(.text.HAL_MultiProcessorEx_AddressLength_Set), (94 bytes).
    Removing stm32g4xx_hal_uart_ex.o(.ARM.exidx.text.HAL_MultiProcessorEx_AddressLength_Set), (8 bytes).
    Removing stm32g4xx_hal_uart_ex.o(.text.HAL_UARTEx_StopModeWakeUpSourceConfig), (200 bytes).
    Removing stm32g4xx_hal_uart_ex.o(.ARM.exidx.text.HAL_UARTEx_StopModeWakeUpSourceConfig), (8 bytes).
    Removing stm32g4xx_hal_uart_ex.o(.text.UARTEx_Wakeup_AddressConfig), (58 bytes).
    Removing stm32g4xx_hal_uart_ex.o(.ARM.exidx.text.UARTEx_Wakeup_AddressConfig), (8 bytes).
    Removing stm32g4xx_hal_uart_ex.o(.text.HAL_UARTEx_EnableStopMode), (104 bytes).
    Removing stm32g4xx_hal_uart_ex.o(.ARM.exidx.text.HAL_UARTEx_EnableStopMode), (8 bytes).
    Removing stm32g4xx_hal_uart_ex.o(.text.HAL_UARTEx_DisableStopMode), (104 bytes).
    Removing stm32g4xx_hal_uart_ex.o(.ARM.exidx.text.HAL_UARTEx_DisableStopMode), (8 bytes).
    Removing stm32g4xx_hal_uart_ex.o(.text.HAL_UARTEx_EnableFifoMode), (134 bytes).
    Removing stm32g4xx_hal_uart_ex.o(.ARM.exidx.text.HAL_UARTEx_EnableFifoMode), (8 bytes).
    Removing stm32g4xx_hal_uart_ex.o(.text.UARTEx_SetNbDataToProcess), (134 bytes).
    Removing stm32g4xx_hal_uart_ex.o(.ARM.exidx.text.UARTEx_SetNbDataToProcess), (8 bytes).
    Removing stm32g4xx_hal_uart_ex.o(.text.HAL_UARTEx_DisableFifoMode), (124 bytes).
    Removing stm32g4xx_hal_uart_ex.o(.ARM.exidx.text.HAL_UARTEx_DisableFifoMode), (8 bytes).
    Removing stm32g4xx_hal_uart_ex.o(.text.HAL_UARTEx_SetTxFifoThreshold), (140 bytes).
    Removing stm32g4xx_hal_uart_ex.o(.ARM.exidx.text.HAL_UARTEx_SetTxFifoThreshold), (8 bytes).
    Removing stm32g4xx_hal_uart_ex.o(.text.HAL_UARTEx_SetRxFifoThreshold), (140 bytes).
    Removing stm32g4xx_hal_uart_ex.o(.ARM.exidx.text.HAL_UARTEx_SetRxFifoThreshold), (8 bytes).
    Removing stm32g4xx_hal_uart_ex.o(.text.HAL_UARTEx_ReceiveToIdle), (560 bytes).
    Removing stm32g4xx_hal_uart_ex.o(.ARM.exidx.text.HAL_UARTEx_ReceiveToIdle), (8 bytes).
    Removing stm32g4xx_hal_uart_ex.o(.text.HAL_UARTEx_ReceiveToIdle_IT), (168 bytes).
    Removing stm32g4xx_hal_uart_ex.o(.ARM.exidx.text.HAL_UARTEx_ReceiveToIdle_IT), (8 bytes).
    Removing stm32g4xx_hal_uart_ex.o(.text.HAL_UARTEx_ReceiveToIdle_DMA), (176 bytes).
    Removing stm32g4xx_hal_uart_ex.o(.ARM.exidx.text.HAL_UARTEx_ReceiveToIdle_DMA), (8 bytes).
    Removing stm32g4xx_hal_uart_ex.o(.text.HAL_UARTEx_GetRxEventType), (12 bytes).
    Removing stm32g4xx_hal_uart_ex.o(.ARM.exidx.text.HAL_UARTEx_GetRxEventType), (8 bytes).
    Removing stm32g4xx_hal_uart_ex.o(.rodata.UARTEx_SetNbDataToProcess.numerator), (8 bytes).
    Removing stm32g4xx_hal_uart_ex.o(.rodata.UARTEx_SetNbDataToProcess.denominator), (8 bytes).
    Removing stm32g4xx_hal_usart.o(.text), (0 bytes).
    Removing stm32g4xx_hal_usart.o(.text.HAL_USART_Init), (142 bytes).
    Removing stm32g4xx_hal_usart.o(.ARM.exidx.text.HAL_USART_Init), (8 bytes).
    Removing stm32g4xx_hal_usart.o(.text.HAL_USART_MspInit), (8 bytes).
    Removing stm32g4xx_hal_usart.o(.ARM.exidx.text.HAL_USART_MspInit), (8 bytes).
    Removing stm32g4xx_hal_usart.o(.text.USART_SetConfig), (1912 bytes).
    Removing stm32g4xx_hal_usart.o(.ARM.exidx.text.USART_SetConfig), (8 bytes).
    Removing stm32g4xx_hal_usart.o(.text.USART_CheckIdleState), (154 bytes).
    Removing stm32g4xx_hal_usart.o(.ARM.exidx.text.USART_CheckIdleState), (8 bytes).
    Removing stm32g4xx_hal_usart.o(.text.HAL_USART_DeInit), (96 bytes).
    Removing stm32g4xx_hal_usart.o(.ARM.exidx.text.HAL_USART_DeInit), (8 bytes).
    Removing stm32g4xx_hal_usart.o(.text.HAL_USART_MspDeInit), (8 bytes).
    Removing stm32g4xx_hal_usart.o(.ARM.exidx.text.HAL_USART_MspDeInit), (8 bytes).
    Removing stm32g4xx_hal_usart.o(.text.HAL_USART_Transmit), (370 bytes).
    Removing stm32g4xx_hal_usart.o(.ARM.exidx.text.HAL_USART_Transmit), (8 bytes).
    Removing stm32g4xx_hal_usart.o(.text.USART_WaitOnFlagUntilTimeout), (126 bytes).
    Removing stm32g4xx_hal_usart.o(.ARM.exidx.text.USART_WaitOnFlagUntilTimeout), (8 bytes).
    Removing stm32g4xx_hal_usart.o(.text.HAL_USART_Receive), (528 bytes).
    Removing stm32g4xx_hal_usart.o(.ARM.exidx.text.HAL_USART_Receive), (8 bytes).
    Removing stm32g4xx_hal_usart.o(.text.HAL_USART_TransmitReceive), (752 bytes).
    Removing stm32g4xx_hal_usart.o(.ARM.exidx.text.HAL_USART_TransmitReceive), (8 bytes).
    Removing stm32g4xx_hal_usart.o(.text.HAL_USART_Transmit_IT), (304 bytes).
    Removing stm32g4xx_hal_usart.o(.ARM.exidx.text.HAL_USART_Transmit_IT), (8 bytes).
    Removing stm32g4xx_hal_usart.o(.text.USART_TxISR_16BIT_FIFOEN), (166 bytes).
    Removing stm32g4xx_hal_usart.o(.ARM.exidx.text.USART_TxISR_16BIT_FIFOEN), (8 bytes).
    Removing stm32g4xx_hal_usart.o(.text.USART_TxISR_8BIT_FIFOEN), (156 bytes).
    Removing stm32g4xx_hal_usart.o(.ARM.exidx.text.USART_TxISR_8BIT_FIFOEN), (8 bytes).
    Removing stm32g4xx_hal_usart.o(.text.USART_TxISR_16BIT), (112 bytes).
    Removing stm32g4xx_hal_usart.o(.ARM.exidx.text.USART_TxISR_16BIT), (8 bytes).
    Removing stm32g4xx_hal_usart.o(.text.USART_TxISR_8BIT), (102 bytes).
    Removing stm32g4xx_hal_usart.o(.ARM.exidx.text.USART_TxISR_8BIT), (8 bytes).
    Removing stm32g4xx_hal_usart.o(.text.HAL_USART_Receive_IT), (594 bytes).
    Removing stm32g4xx_hal_usart.o(.ARM.exidx.text.HAL_USART_Receive_IT), (8 bytes).
    Removing stm32g4xx_hal_usart.o(.text.USART_RxISR_16BIT_FIFOEN), (490 bytes).
    Removing stm32g4xx_hal_usart.o(.ARM.exidx.text.USART_RxISR_16BIT_FIFOEN), (8 bytes).
    Removing stm32g4xx_hal_usart.o(.text.USART_RxISR_8BIT_FIFOEN), (486 bytes).
    Removing stm32g4xx_hal_usart.o(.ARM.exidx.text.USART_RxISR_8BIT_FIFOEN), (8 bytes).
    Removing stm32g4xx_hal_usart.o(.text.USART_RxISR_16BIT), (296 bytes).
    Removing stm32g4xx_hal_usart.o(.ARM.exidx.text.USART_RxISR_16BIT), (8 bytes).
    Removing stm32g4xx_hal_usart.o(.text.USART_RxISR_8BIT), (292 bytes).
    Removing stm32g4xx_hal_usart.o(.ARM.exidx.text.USART_RxISR_8BIT), (8 bytes).
    Removing stm32g4xx_hal_usart.o(.text.HAL_USART_TransmitReceive_IT), (602 bytes).
    Removing stm32g4xx_hal_usart.o(.ARM.exidx.text.HAL_USART_TransmitReceive_IT), (8 bytes).
    Removing stm32g4xx_hal_usart.o(.text.HAL_USART_Transmit_DMA), (298 bytes).
    Removing stm32g4xx_hal_usart.o(.ARM.exidx.text.HAL_USART_Transmit_DMA), (8 bytes).
    Removing stm32g4xx_hal_usart.o(.text.USART_DMATransmitCplt), (98 bytes).
    Removing stm32g4xx_hal_usart.o(.ARM.exidx.text.USART_DMATransmitCplt), (8 bytes).
    Removing stm32g4xx_hal_usart.o(.text.USART_DMATxHalfCplt), (22 bytes).
    Removing stm32g4xx_hal_usart.o(.ARM.exidx.text.USART_DMATxHalfCplt), (8 bytes).
    Removing stm32g4xx_hal_usart.o(.text.USART_DMAError), (56 bytes).
    Removing stm32g4xx_hal_usart.o(.ARM.exidx.text.USART_DMAError), (8 bytes).
    Removing stm32g4xx_hal_usart.o(.text.HAL_USART_Receive_DMA), (438 bytes).
    Removing stm32g4xx_hal_usart.o(.ARM.exidx.text.HAL_USART_Receive_DMA), (8 bytes).
    Removing stm32g4xx_hal_usart.o(.text.USART_DMAReceiveCplt), (152 bytes).
    Removing stm32g4xx_hal_usart.o(.ARM.exidx.text.USART_DMAReceiveCplt), (8 bytes).
    Removing stm32g4xx_hal_usart.o(.text.USART_DMARxHalfCplt), (22 bytes).
    Removing stm32g4xx_hal_usart.o(.ARM.exidx.text.USART_DMARxHalfCplt), (8 bytes).
    Removing stm32g4xx_hal_usart.o(.text.HAL_USART_TransmitReceive_DMA), (468 bytes).
    Removing stm32g4xx_hal_usart.o(.ARM.exidx.text.HAL_USART_TransmitReceive_DMA), (8 bytes).
    Removing stm32g4xx_hal_usart.o(.text.HAL_USART_DMAPause), (220 bytes).
    Removing stm32g4xx_hal_usart.o(.ARM.exidx.text.HAL_USART_DMAPause), (8 bytes).
    Removing stm32g4xx_hal_usart.o(.text.HAL_USART_DMAResume), (192 bytes).
    Removing stm32g4xx_hal_usart.o(.ARM.exidx.text.HAL_USART_DMAResume), (8 bytes).
    Removing stm32g4xx_hal_usart.o(.text.HAL_USART_DMAStop), (164 bytes).
    Removing stm32g4xx_hal_usart.o(.ARM.exidx.text.HAL_USART_DMAStop), (8 bytes).
    Removing stm32g4xx_hal_usart.o(.text.USART_EndTransfer), (46 bytes).
    Removing stm32g4xx_hal_usart.o(.ARM.exidx.text.USART_EndTransfer), (8 bytes).
    Removing stm32g4xx_hal_usart.o(.text.HAL_USART_Abort), (296 bytes).
    Removing stm32g4xx_hal_usart.o(.ARM.exidx.text.HAL_USART_Abort), (8 bytes).
    Removing stm32g4xx_hal_usart.o(.text.HAL_USART_Abort_IT), (366 bytes).
    Removing stm32g4xx_hal_usart.o(.ARM.exidx.text.HAL_USART_Abort_IT), (8 bytes).
    Removing stm32g4xx_hal_usart.o(.text.USART_DMATxAbortCallback), (84 bytes).
    Removing stm32g4xx_hal_usart.o(.ARM.exidx.text.USART_DMATxAbortCallback), (8 bytes).
    Removing stm32g4xx_hal_usart.o(.text.USART_DMARxAbortCallback), (84 bytes).
    Removing stm32g4xx_hal_usart.o(.ARM.exidx.text.USART_DMARxAbortCallback), (8 bytes).
    Removing stm32g4xx_hal_usart.o(.text.HAL_USART_AbortCpltCallback), (8 bytes).
    Removing stm32g4xx_hal_usart.o(.ARM.exidx.text.HAL_USART_AbortCpltCallback), (8 bytes).
    Removing stm32g4xx_hal_usart.o(.text.HAL_USART_IRQHandler), (830 bytes).
    Removing stm32g4xx_hal_usart.o(.ARM.exidx.text.HAL_USART_IRQHandler), (8 bytes).
    Removing stm32g4xx_hal_usart.o(.text.USART_DMAAbortOnError), (32 bytes).
    Removing stm32g4xx_hal_usart.o(.ARM.exidx.text.USART_DMAAbortOnError), (8 bytes).
    Removing stm32g4xx_hal_usart.o(.text.HAL_USART_ErrorCallback), (8 bytes).
    Removing stm32g4xx_hal_usart.o(.ARM.exidx.text.HAL_USART_ErrorCallback), (8 bytes).
    Removing stm32g4xx_hal_usart.o(.text.USART_EndTransmit_IT), (116 bytes).
    Removing stm32g4xx_hal_usart.o(.ARM.exidx.text.USART_EndTransmit_IT), (8 bytes).
    Removing stm32g4xx_hal_usart.o(.text.HAL_USART_TxCpltCallback), (8 bytes).
    Removing stm32g4xx_hal_usart.o(.ARM.exidx.text.HAL_USART_TxCpltCallback), (8 bytes).
    Removing stm32g4xx_hal_usart.o(.text.HAL_USART_TxHalfCpltCallback), (8 bytes).
    Removing stm32g4xx_hal_usart.o(.ARM.exidx.text.HAL_USART_TxHalfCpltCallback), (8 bytes).
    Removing stm32g4xx_hal_usart.o(.text.HAL_USART_RxCpltCallback), (8 bytes).
    Removing stm32g4xx_hal_usart.o(.ARM.exidx.text.HAL_USART_RxCpltCallback), (8 bytes).
    Removing stm32g4xx_hal_usart.o(.text.HAL_USART_RxHalfCpltCallback), (8 bytes).
    Removing stm32g4xx_hal_usart.o(.ARM.exidx.text.HAL_USART_RxHalfCpltCallback), (8 bytes).
    Removing stm32g4xx_hal_usart.o(.text.HAL_USART_TxRxCpltCallback), (8 bytes).
    Removing stm32g4xx_hal_usart.o(.ARM.exidx.text.HAL_USART_TxRxCpltCallback), (8 bytes).
    Removing stm32g4xx_hal_usart.o(.text.HAL_USART_GetState), (14 bytes).
    Removing stm32g4xx_hal_usart.o(.ARM.exidx.text.HAL_USART_GetState), (8 bytes).
    Removing stm32g4xx_hal_usart.o(.text.HAL_USART_GetError), (12 bytes).
    Removing stm32g4xx_hal_usart.o(.ARM.exidx.text.HAL_USART_GetError), (8 bytes).
    Removing stm32g4xx_hal_usart_ex.o(.text), (0 bytes).
    Removing stm32g4xx_hal_usart_ex.o(.text.HAL_USARTEx_RxFifoFullCallback), (8 bytes).
    Removing stm32g4xx_hal_usart_ex.o(.ARM.exidx.text.HAL_USARTEx_RxFifoFullCallback), (8 bytes).
    Removing stm32g4xx_hal_usart_ex.o(.text.HAL_USARTEx_TxFifoEmptyCallback), (8 bytes).
    Removing stm32g4xx_hal_usart_ex.o(.ARM.exidx.text.HAL_USARTEx_TxFifoEmptyCallback), (8 bytes).
    Removing stm32g4xx_hal_usart_ex.o(.text.HAL_USARTEx_EnableSlaveMode), (162 bytes).
    Removing stm32g4xx_hal_usart_ex.o(.ARM.exidx.text.HAL_USARTEx_EnableSlaveMode), (8 bytes).
    Removing stm32g4xx_hal_usart_ex.o(.text.HAL_USARTEx_DisableSlaveMode), (128 bytes).
    Removing stm32g4xx_hal_usart_ex.o(.ARM.exidx.text.HAL_USARTEx_DisableSlaveMode), (8 bytes).
    Removing stm32g4xx_hal_usart_ex.o(.text.HAL_USARTEx_ConfigNSS), (132 bytes).
    Removing stm32g4xx_hal_usart_ex.o(.ARM.exidx.text.HAL_USARTEx_ConfigNSS), (8 bytes).
    Removing stm32g4xx_hal_usart_ex.o(.text.HAL_USARTEx_EnableFifoMode), (134 bytes).
    Removing stm32g4xx_hal_usart_ex.o(.ARM.exidx.text.HAL_USARTEx_EnableFifoMode), (8 bytes).
    Removing stm32g4xx_hal_usart_ex.o(.text.USARTEx_SetNbDataToProcess), (126 bytes).
    Removing stm32g4xx_hal_usart_ex.o(.ARM.exidx.text.USARTEx_SetNbDataToProcess), (8 bytes).
    Removing stm32g4xx_hal_usart_ex.o(.text.HAL_USARTEx_DisableFifoMode), (124 bytes).
    Removing stm32g4xx_hal_usart_ex.o(.ARM.exidx.text.HAL_USARTEx_DisableFifoMode), (8 bytes).
    Removing stm32g4xx_hal_usart_ex.o(.text.HAL_USARTEx_SetTxFifoThreshold), (140 bytes).
    Removing stm32g4xx_hal_usart_ex.o(.ARM.exidx.text.HAL_USARTEx_SetTxFifoThreshold), (8 bytes).
    Removing stm32g4xx_hal_usart_ex.o(.text.HAL_USARTEx_SetRxFifoThreshold), (140 bytes).
    Removing stm32g4xx_hal_usart_ex.o(.ARM.exidx.text.HAL_USARTEx_SetRxFifoThreshold), (8 bytes).
    Removing stm32g4xx_hal_usart_ex.o(.rodata.USARTEx_SetNbDataToProcess.numerator), (8 bytes).
    Removing stm32g4xx_hal_usart_ex.o(.rodata.USARTEx_SetNbDataToProcess.denominator), (8 bytes).
    Removing delay.o(.text), (0 bytes).
    Removing delay.o(.ARM.exidx.text.delay_init), (8 bytes).
    Removing delay.o(.ARM.exidx.text.delay_us), (8 bytes).
    Removing delay.o(.ARM.exidx.text.delay_ms), (8 bytes).
    Removing delay.o(.text.HAL_Delay), (18 bytes).
    Removing delay.o(.ARM.exidx.text.HAL_Delay), (8 bytes).
    Removing sys.o(.text), (0 bytes).
    Removing sys.o(.text.sys_nvic_set_vector_table), (32 bytes).
    Removing sys.o(.ARM.exidx.text.sys_nvic_set_vector_table), (8 bytes).
    Removing sys.o(.text.sys_wfi_set), (4 bytes).
    Removing sys.o(.ARM.exidx.text.sys_wfi_set), (8 bytes).
    Removing sys.o(.text.sys_intx_disable), (4 bytes).
    Removing sys.o(.ARM.exidx.text.sys_intx_disable), (8 bytes).
    Removing sys.o(.text.sys_intx_enable), (4 bytes).
    Removing sys.o(.ARM.exidx.text.sys_intx_enable), (8 bytes).
    Removing sys.o(.text.sys_msr_msp), (18 bytes).
    Removing sys.o(.ARM.exidx.text.sys_msr_msp), (8 bytes).
    Removing sys.o(.text.sys_standby), (52 bytes).
    Removing sys.o(.ARM.exidx.text.sys_standby), (8 bytes).
    Removing sys.o(.text.sys_soft_reset), (4 bytes).
    Removing sys.o(.ARM.exidx.text.sys_soft_reset), (8 bytes).
    Removing sys.o(.text.__NVIC_SystemReset), (38 bytes).
    Removing sys.o(.ARM.exidx.text.__NVIC_SystemReset), (8 bytes).
    Removing sys.o(.ARM.exidx.text.sys_stm32_clock_init), (8 bytes).
    Removing usart.o(.text), (0 bytes).
    Removing usart.o(.text._ttywrch), (10 bytes).
    Removing usart.o(.ARM.exidx.text._ttywrch), (8 bytes).
    Removing usart.o(.ARM.exidx.text._sys_exit), (8 bytes).
    Removing usart.o(.text._sys_command_string), (12 bytes).
    Removing usart.o(.ARM.exidx.text._sys_command_string), (8 bytes).
    Removing usart.o(.text.fputc), (48 bytes).
    Removing usart.o(.ARM.exidx.text.fputc), (8 bytes).
    Removing usart.o(.text.usart_init), (68 bytes).
    Removing usart.o(.ARM.exidx.text.usart_init), (8 bytes).
    Removing usart.o(.text.HAL_UART_MspInit), (204 bytes).
    Removing usart.o(.ARM.exidx.text.HAL_UART_MspInit), (8 bytes).
    Removing usart.o(.ARM.exidx.text.HAL_UART_RxCpltCallback), (8 bytes).
    Removing usart.o(.ARM.exidx.text.USART1_IRQHandler), (8 bytes).
    Removing usart.o(.bss.__stdout), (84 bytes).
    Removing system_stm32g4xx.o(.text), (0 bytes).
    Removing system_stm32g4xx.o(.ARM.exidx.text.SystemInit), (8 bytes).
    Removing system_stm32g4xx.o(.text.SystemCoreClockUpdate), (256 bytes).
    Removing system_stm32g4xx.o(.ARM.exidx.text.SystemCoreClockUpdate), (8 bytes).
    Removing system_stm32g4xx.o(.rodata.APBPrescTable), (8 bytes).

704 unused section(s) (total 46060 bytes) removed from the image.

==============================================================================

Image Symbol Table

    Local Symbols

    Symbol Name                              Value     Ov Type        Size  Object(Section)

    ../MIDDLEWARS/STM32G4xx_HAL_Driver/startup_stm32g474xx.s 0x00000000   Number         0  startup_stm32g474xx.o ABSOLUTE
    ../clib/angel/boardlib.s                 0x00000000   Number         0  boardinit1.o ABSOLUTE
    ../clib/angel/boardlib.s                 0x00000000   Number         0  boardinit2.o ABSOLUTE
    ../clib/angel/boardlib.s                 0x00000000   Number         0  boardinit3.o ABSOLUTE
    ../clib/angel/boardlib.s                 0x00000000   Number         0  boardshut.o ABSOLUTE
    ../clib/angel/handlers.s                 0x00000000   Number         0  __scatter_copy.o ABSOLUTE
    ../clib/angel/handlers.s                 0x00000000   Number         0  __scatter_zi.o ABSOLUTE
    ../clib/angel/kernel.s                   0x00000000   Number         0  __rtentry.o ABSOLUTE
    ../clib/angel/kernel.s                   0x00000000   Number         0  __rtentry2.o ABSOLUTE
    ../clib/angel/kernel.s                   0x00000000   Number         0  __rtentry4.o ABSOLUTE
    ../clib/angel/kernel.s                   0x00000000   Number         0  rtexit.o ABSOLUTE
    ../clib/angel/kernel.s                   0x00000000   Number         0  rtexit2.o ABSOLUTE
    ../clib/angel/rt.s                       0x00000000   Number         0  aeabi_ldiv0.o ABSOLUTE
    ../clib/angel/rt.s                       0x00000000   Number         0  aeabi_ldiv0_sigfpe.o ABSOLUTE
    ../clib/angel/rt.s                       0x00000000   Number         0  rt_div0.o ABSOLUTE
    ../clib/angel/rt.s                       0x00000000   Number         0  rt_raise.o ABSOLUTE
    ../clib/angel/scatter.s                  0x00000000   Number         0  __scatter.o ABSOLUTE
    ../clib/angel/startup.s                  0x00000000   Number         0  __main.o ABSOLUTE
    ../clib/angel/sys.s                      0x00000000   Number         0  use_no_semi_2.o ABSOLUTE
    ../clib/angel/sys.s                      0x00000000   Number         0  use_no_semi.o ABSOLUTE
    ../clib/angel/sys.s                      0x00000000   Number         0  sys_stackheap_outer.o ABSOLUTE
    ../clib/angel/sys.s                      0x00000000   Number         0  libspace.o ABSOLUTE
    ../clib/armsys.c                         0x00000000   Number         0  argv_veneer.o ABSOLUTE
    ../clib/armsys.c                         0x00000000   Number         0  argv_veneer.o ABSOLUTE
    ../clib/armsys.c                         0x00000000   Number         0  _get_argv_nomalloc.o ABSOLUTE
    ../clib/armsys.c                         0x00000000   Number         0  no_argv.o ABSOLUTE
    ../clib/heapalloc.c                      0x00000000   Number         0  hrguard.o ABSOLUTE
    ../clib/heapaux.c                        0x00000000   Number         0  heapauxi.o ABSOLUTE
    ../clib/libinit.s                        0x00000000   Number         0  libinit.o ABSOLUTE
    ../clib/libinit.s                        0x00000000   Number         0  libinit2.o ABSOLUTE
    ../clib/libinit.s                        0x00000000   Number         0  libshutdown.o ABSOLUTE
    ../clib/libinit.s                        0x00000000   Number         0  libshutdown2.o ABSOLUTE
    ../clib/longlong.s                       0x00000000   Number         0  lludivv7m.o ABSOLUTE
    ../clib/memcpset.s                       0x00000000   Number         0  rt_memclr_w.o ABSOLUTE
    ../clib/signal.c                         0x00000000   Number         0  defsig_fpe_outer.o ABSOLUTE
    ../clib/signal.c                         0x00000000   Number         0  defsig_fpe_formal.o ABSOLUTE
    ../clib/signal.c                         0x00000000   Number         0  defsig_exit.o ABSOLUTE
    ../clib/signal.c                         0x00000000   Number         0  defsig_fpe_inner.o ABSOLUTE
    ../clib/signal.c                         0x00000000   Number         0  __raise.o ABSOLUTE
    ../clib/signal.c                         0x00000000   Number         0  defsig_general.o ABSOLUTE
    ../clib/signal.c                         0x00000000   Number         0  defsig_abrt_inner.o ABSOLUTE
    ../clib/signal.c                         0x00000000   Number         0  defsig_rtred_inner.o ABSOLUTE
    ../clib/signal.c                         0x00000000   Number         0  defsig_rtmem_inner.o ABSOLUTE
    ../clib/signal.c                         0x00000000   Number         0  defsig_rtmem_outer.o ABSOLUTE
    ../clib/signal.c                         0x00000000   Number         0  defsig_rtmem_formal.o ABSOLUTE
    ../clib/signal.c                         0x00000000   Number         0  defsig_stak_inner.o ABSOLUTE
    ../clib/signal.c                         0x00000000   Number         0  defsig_pvfn_inner.o ABSOLUTE
    ../clib/signal.c                         0x00000000   Number         0  defsig_cppl_inner.o ABSOLUTE
    ../clib/signal.c                         0x00000000   Number         0  defsig_segv_inner.o ABSOLUTE
    ../clib/signal.c                         0x00000000   Number         0  defsig_other.o ABSOLUTE
    ../clib/signal.s                         0x00000000   Number         0  defsig.o ABSOLUTE
    ../clib/stdlib.c                         0x00000000   Number         0  exit.o ABSOLUTE
    ../fplib/fpinit.s                        0x00000000   Number         0  fpinit.o ABSOLUTE
    dc.s                                     0x00000000   Number         0  dc.o ABSOLUTE
    delay.c                                  0x00000000   Number         0  delay.o ABSOLUTE
    main.c                                   0x00000000   Number         0  main.o ABSOLUTE
    stm32g4xx_hal.c                          0x00000000   Number         0  stm32g4xx_hal.o ABSOLUTE
    stm32g4xx_hal_cortex.c                   0x00000000   Number         0  stm32g4xx_hal_cortex.o ABSOLUTE
    stm32g4xx_hal_dma.c                      0x00000000   Number         0  stm32g4xx_hal_dma.o ABSOLUTE
    stm32g4xx_hal_dma_ex.c                   0x00000000   Number         0  stm32g4xx_hal_dma_ex.o ABSOLUTE
    stm32g4xx_hal_gpio.c                     0x00000000   Number         0  stm32g4xx_hal_gpio.o ABSOLUTE
    stm32g4xx_hal_pwr.c                      0x00000000   Number         0  stm32g4xx_hal_pwr.o ABSOLUTE
    stm32g4xx_hal_pwr_ex.c                   0x00000000   Number         0  stm32g4xx_hal_pwr_ex.o ABSOLUTE
    stm32g4xx_hal_rcc.c                      0x00000000   Number         0  stm32g4xx_hal_rcc.o ABSOLUTE
    stm32g4xx_hal_rcc_ex.c                   0x00000000   Number         0  stm32g4xx_hal_rcc_ex.o ABSOLUTE
    stm32g4xx_hal_uart.c                     0x00000000   Number         0  stm32g4xx_hal_uart.o ABSOLUTE
    stm32g4xx_hal_uart_ex.c                  0x00000000   Number         0  stm32g4xx_hal_uart_ex.o ABSOLUTE
    stm32g4xx_hal_usart.c                    0x00000000   Number         0  stm32g4xx_hal_usart.o ABSOLUTE
    stm32g4xx_hal_usart_ex.c                 0x00000000   Number         0  stm32g4xx_hal_usart_ex.o ABSOLUTE
    stm32g4xx_it.c                           0x00000000   Number         0  stm32g4xx_it.o ABSOLUTE
    sys.c                                    0x00000000   Number         0  sys.o ABSOLUTE
    system_stm32g4xx.c                       0x00000000   Number         0  system_stm32g4xx.o ABSOLUTE
    usart.c                                  0x00000000   Number         0  usart.o ABSOLUTE
    RESET                                    0x08000000   Section      472  startup_stm32g474xx.o(RESET)
    !!!main                                  0x080001d8   Section        8  __main.o(!!!main)
    !!!scatter                               0x080001e0   Section       92  __scatter.o(!!!scatter)
    !!handler_copy                           0x0800023c   Section       26  __scatter_copy.o(!!handler_copy)
    !!handler_null                           0x08000258   Section        2  __scatter.o(!!handler_null)
    !!handler_zi                             0x0800025c   Section       28  __scatter_zi.o(!!handler_zi)
    .ARM.Collect$$libinit$$00000000          0x08000278   Section        2  libinit.o(.ARM.Collect$$libinit$$00000000)
    .ARM.Collect$$libinit$$00000001          0x0800027a   Section        4  libinit2.o(.ARM.Collect$$libinit$$00000001)
    .ARM.Collect$$libinit$$00000004          0x0800027e   Section        0  libinit2.o(.ARM.Collect$$libinit$$00000004)
    .ARM.Collect$$libinit$$00000006          0x0800027e   Section        0  libinit2.o(.ARM.Collect$$libinit$$00000006)
    .ARM.Collect$$libinit$$0000000C          0x0800027e   Section        0  libinit2.o(.ARM.Collect$$libinit$$0000000C)
    .ARM.Collect$$libinit$$0000000E          0x0800027e   Section        0  libinit2.o(.ARM.Collect$$libinit$$0000000E)
    .ARM.Collect$$libinit$$00000010          0x0800027e   Section        0  libinit2.o(.ARM.Collect$$libinit$$00000010)
    .ARM.Collect$$libinit$$00000013          0x0800027e   Section        0  libinit2.o(.ARM.Collect$$libinit$$00000013)
    .ARM.Collect$$libinit$$00000015          0x0800027e   Section        0  libinit2.o(.ARM.Collect$$libinit$$00000015)
    .ARM.Collect$$libinit$$00000017          0x0800027e   Section        0  libinit2.o(.ARM.Collect$$libinit$$00000017)
    .ARM.Collect$$libinit$$00000019          0x0800027e   Section        0  libinit2.o(.ARM.Collect$$libinit$$00000019)
    .ARM.Collect$$libinit$$0000001B          0x0800027e   Section        0  libinit2.o(.ARM.Collect$$libinit$$0000001B)
    .ARM.Collect$$libinit$$0000001D          0x0800027e   Section        0  libinit2.o(.ARM.Collect$$libinit$$0000001D)
    .ARM.Collect$$libinit$$0000001F          0x0800027e   Section        0  libinit2.o(.ARM.Collect$$libinit$$0000001F)
    .ARM.Collect$$libinit$$00000021          0x0800027e   Section        0  libinit2.o(.ARM.Collect$$libinit$$00000021)
    .ARM.Collect$$libinit$$00000023          0x0800027e   Section        0  libinit2.o(.ARM.Collect$$libinit$$00000023)
    .ARM.Collect$$libinit$$00000025          0x0800027e   Section        0  libinit2.o(.ARM.Collect$$libinit$$00000025)
    .ARM.Collect$$libinit$$00000027          0x0800027e   Section        0  libinit2.o(.ARM.Collect$$libinit$$00000027)
    .ARM.Collect$$libinit$$0000002E          0x0800027e   Section        0  libinit2.o(.ARM.Collect$$libinit$$0000002E)
    .ARM.Collect$$libinit$$00000030          0x0800027e   Section        0  libinit2.o(.ARM.Collect$$libinit$$00000030)
    .ARM.Collect$$libinit$$00000032          0x0800027e   Section        0  libinit2.o(.ARM.Collect$$libinit$$00000032)
    .ARM.Collect$$libinit$$00000034          0x0800027e   Section        0  libinit2.o(.ARM.Collect$$libinit$$00000034)
    .ARM.Collect$$libinit$$00000035          0x0800027e   Section        2  libinit2.o(.ARM.Collect$$libinit$$00000035)
    .ARM.Collect$$libshutdown$$00000000      0x08000280   Section        2  libshutdown.o(.ARM.Collect$$libshutdown$$00000000)
    .ARM.Collect$$libshutdown$$00000002      0x08000282   Section        0  libshutdown2.o(.ARM.Collect$$libshutdown$$00000002)
    .ARM.Collect$$libshutdown$$00000004      0x08000282   Section        0  libshutdown2.o(.ARM.Collect$$libshutdown$$00000004)
    .ARM.Collect$$libshutdown$$00000007      0x08000282   Section        0  libshutdown2.o(.ARM.Collect$$libshutdown$$00000007)
    .ARM.Collect$$libshutdown$$0000000A      0x08000282   Section        0  libshutdown2.o(.ARM.Collect$$libshutdown$$0000000A)
    .ARM.Collect$$libshutdown$$0000000C      0x08000282   Section        0  libshutdown2.o(.ARM.Collect$$libshutdown$$0000000C)
    .ARM.Collect$$libshutdown$$0000000F      0x08000282   Section        0  libshutdown2.o(.ARM.Collect$$libshutdown$$0000000F)
    .ARM.Collect$$libshutdown$$00000010      0x08000282   Section        2  libshutdown2.o(.ARM.Collect$$libshutdown$$00000010)
    .ARM.Collect$$rtentry$$00000000          0x08000284   Section        0  __rtentry.o(.ARM.Collect$$rtentry$$00000000)
    .ARM.Collect$$rtentry$$00000002          0x08000284   Section        0  __rtentry2.o(.ARM.Collect$$rtentry$$00000002)
    .ARM.Collect$$rtentry$$00000004          0x08000284   Section        6  __rtentry4.o(.ARM.Collect$$rtentry$$00000004)
    .ARM.Collect$$rtentry$$00000009          0x0800028a   Section        0  __rtentry2.o(.ARM.Collect$$rtentry$$00000009)
    .ARM.Collect$$rtentry$$0000000A          0x0800028a   Section        4  __rtentry2.o(.ARM.Collect$$rtentry$$0000000A)
    .ARM.Collect$$rtentry$$0000000C          0x0800028e   Section        0  __rtentry2.o(.ARM.Collect$$rtentry$$0000000C)
    .ARM.Collect$$rtentry$$0000000D          0x0800028e   Section        8  __rtentry2.o(.ARM.Collect$$rtentry$$0000000D)
    .ARM.Collect$$rtexit$$00000000           0x08000296   Section        2  rtexit.o(.ARM.Collect$$rtexit$$00000000)
    .ARM.Collect$$rtexit$$00000002           0x08000298   Section        0  rtexit2.o(.ARM.Collect$$rtexit$$00000002)
    .ARM.Collect$$rtexit$$00000003           0x08000298   Section        4  rtexit2.o(.ARM.Collect$$rtexit$$00000003)
    .ARM.Collect$$rtexit$$00000004           0x0800029c   Section        6  rtexit2.o(.ARM.Collect$$rtexit$$00000004)
    $v0                                      0x080002a4   Number         0  startup_stm32g474xx.o(.text)
    .text                                    0x080002a4   Section       64  startup_stm32g474xx.o(.text)
    .text                                    0x080002e4   Section        2  use_no_semi_2.o(.text)
    .text                                    0x080002e6   Section       78  rt_memclr_w.o(.text)
    .text                                    0x08000334   Section        0  heapauxi.o(.text)
    .text                                    0x0800033a   Section        2  use_no_semi.o(.text)
    .text                                    0x0800033c   Section       74  sys_stackheap_outer.o(.text)
    .text                                    0x08000386   Section        0  exit.o(.text)
    .text                                    0x08000398   Section        8  libspace.o(.text)
    [Anonymous Symbol]                       0x080003a0   Section        0  stm32g4xx_it.o(.text.BusFault_Handler)
    [Anonymous Symbol]                       0x080003a4   Section        0  stm32g4xx_it.o(.text.DebugMon_Handler)
    [Anonymous Symbol]                       0x080003a8   Section        0  stm32g4xx_hal_dma.o(.text.HAL_DMA_Abort)
    [Anonymous Symbol]                       0x08000444   Section        0  stm32g4xx_hal_dma.o(.text.HAL_DMA_Abort_IT)
    [Anonymous Symbol]                       0x08000508   Section        0  stm32g4xx_hal_gpio.o(.text.HAL_GPIO_Init)
    [Anonymous Symbol]                       0x08000870   Section        0  stm32g4xx_hal_gpio.o(.text.HAL_GPIO_WritePin)
    [Anonymous Symbol]                       0x0800089c   Section        0  stm32g4xx_hal.o(.text.HAL_GetREVID)
    [Anonymous Symbol]                       0x080008ac   Section        0  stm32g4xx_hal.o(.text.HAL_GetTick)
    [Anonymous Symbol]                       0x080008b8   Section        0  stm32g4xx_hal.o(.text.HAL_IncTick)
    [Anonymous Symbol]                       0x080008d4   Section        0  stm32g4xx_hal.o(.text.HAL_Init)
    [Anonymous Symbol]                       0x08000904   Section        0  stm32g4xx_hal.o(.text.HAL_InitTick)
    [Anonymous Symbol]                       0x0800098c   Section        0  stm32g4xx_hal.o(.text.HAL_MspInit)
    [Anonymous Symbol]                       0x08000990   Section        0  stm32g4xx_hal_cortex.o(.text.HAL_NVIC_SetPriority)
    [Anonymous Symbol]                       0x080009c0   Section        0  stm32g4xx_hal_cortex.o(.text.HAL_NVIC_SetPriorityGrouping)
    [Anonymous Symbol]                       0x080009d0   Section        0  stm32g4xx_hal_pwr_ex.o(.text.HAL_PWREx_ControlVoltageScaling)
    [Anonymous Symbol]                       0x08000b84   Section        0  stm32g4xx_hal_rcc.o(.text.HAL_RCC_ClockConfig)
    [Anonymous Symbol]                       0x08000eac   Section        0  stm32g4xx_hal_rcc.o(.text.HAL_RCC_GetSysClockFreq)
    [Anonymous Symbol]                       0x08000fa8   Section        0  stm32g4xx_hal_rcc.o(.text.HAL_RCC_OscConfig)
    [Anonymous Symbol]                       0x08001760   Section        0  stm32g4xx_hal_cortex.o(.text.HAL_SYSTICK_CLKSourceConfig)
    [Anonymous Symbol]                       0x08001794   Section        0  stm32g4xx_hal_cortex.o(.text.HAL_SYSTICK_Config)
    [Anonymous Symbol]                       0x080017a4   Section        0  stm32g4xx_hal_uart.o(.text.HAL_UARTEx_RxEventCallback)
    [Anonymous Symbol]                       0x080017b0   Section        0  stm32g4xx_hal_uart_ex.o(.text.HAL_UARTEx_RxFifoFullCallback)
    [Anonymous Symbol]                       0x080017b8   Section        0  stm32g4xx_hal_uart_ex.o(.text.HAL_UARTEx_TxFifoEmptyCallback)
    [Anonymous Symbol]                       0x080017c0   Section        0  stm32g4xx_hal_uart_ex.o(.text.HAL_UARTEx_WakeupCallback)
    [Anonymous Symbol]                       0x080017c8   Section        0  stm32g4xx_hal_uart.o(.text.HAL_UART_ErrorCallback)
    [Anonymous Symbol]                       0x080017d0   Section        0  stm32g4xx_hal_uart.o(.text.HAL_UART_GetState)
    [Anonymous Symbol]                       0x080017f0   Section        0  stm32g4xx_hal_uart.o(.text.HAL_UART_IRQHandler)
    [Anonymous Symbol]                       0x08001d88   Section        0  stm32g4xx_hal_uart.o(.text.HAL_UART_Receive_IT)
    [Anonymous Symbol]                       0x08001e28   Section        0  usart.o(.text.HAL_UART_RxCpltCallback)
    [Anonymous Symbol]                       0x08001f18   Section        0  stm32g4xx_hal_uart.o(.text.HAL_UART_TxCpltCallback)
    [Anonymous Symbol]                       0x08001f20   Section        0  stm32g4xx_it.o(.text.HardFault_Handler)
    [Anonymous Symbol]                       0x08001f24   Section        0  stm32g4xx_it.o(.text.MemManage_Handler)
    [Anonymous Symbol]                       0x08001f28   Section        0  stm32g4xx_it.o(.text.NMI_Handler)
    NVIC_EncodePriority                      0x08001f2d   Thumb Code   108  stm32g4xx_hal_cortex.o(.text.NVIC_EncodePriority)
    [Anonymous Symbol]                       0x08001f2c   Section        0  stm32g4xx_hal_cortex.o(.text.NVIC_EncodePriority)
    [Anonymous Symbol]                       0x08001f98   Section        0  stm32g4xx_it.o(.text.PendSV_Handler)
    RCC_GetSysClockFreqFromPLLSource         0x08001f9d   Thumb Code   156  stm32g4xx_hal_rcc.o(.text.RCC_GetSysClockFreqFromPLLSource)
    [Anonymous Symbol]                       0x08001f9c   Section        0  stm32g4xx_hal_rcc.o(.text.RCC_GetSysClockFreqFromPLLSource)
    [Anonymous Symbol]                       0x08002038   Section        0  stm32g4xx_it.o(.text.SVC_Handler)
    SysTick_Config                           0x0800203d   Thumb Code    82  stm32g4xx_hal_cortex.o(.text.SysTick_Config)
    [Anonymous Symbol]                       0x0800203c   Section        0  stm32g4xx_hal_cortex.o(.text.SysTick_Config)
    [Anonymous Symbol]                       0x08002090   Section        0  stm32g4xx_it.o(.text.SysTick_Handler)
    [Anonymous Symbol]                       0x08002098   Section        0  system_stm32g4xx.o(.text.SystemInit)
    UART_DMAAbortOnError                     0x080020ad   Thumb Code    36  stm32g4xx_hal_uart.o(.text.UART_DMAAbortOnError)
    [Anonymous Symbol]                       0x080020ac   Section        0  stm32g4xx_hal_uart.o(.text.UART_DMAAbortOnError)
    UART_EndRxTransfer                       0x080020d1   Thumb Code   158  stm32g4xx_hal_uart.o(.text.UART_EndRxTransfer)
    [Anonymous Symbol]                       0x080020d0   Section        0  stm32g4xx_hal_uart.o(.text.UART_EndRxTransfer)
    UART_EndTransmit_IT                      0x08002171   Thumb Code    68  stm32g4xx_hal_uart.o(.text.UART_EndTransmit_IT)
    [Anonymous Symbol]                       0x08002170   Section        0  stm32g4xx_hal_uart.o(.text.UART_EndTransmit_IT)
    UART_RxISR_16BIT                         0x080021b5   Thumb Code   388  stm32g4xx_hal_uart.o(.text.UART_RxISR_16BIT)
    [Anonymous Symbol]                       0x080021b4   Section        0  stm32g4xx_hal_uart.o(.text.UART_RxISR_16BIT)
    UART_RxISR_16BIT_FIFOEN                  0x08002339   Thumb Code   776  stm32g4xx_hal_uart.o(.text.UART_RxISR_16BIT_FIFOEN)
    [Anonymous Symbol]                       0x08002338   Section        0  stm32g4xx_hal_uart.o(.text.UART_RxISR_16BIT_FIFOEN)
    UART_RxISR_8BIT                          0x08002641   Thumb Code   384  stm32g4xx_hal_uart.o(.text.UART_RxISR_8BIT)
    [Anonymous Symbol]                       0x08002640   Section        0  stm32g4xx_hal_uart.o(.text.UART_RxISR_8BIT)
    UART_RxISR_8BIT_FIFOEN                   0x080027c1   Thumb Code   772  stm32g4xx_hal_uart.o(.text.UART_RxISR_8BIT_FIFOEN)
    [Anonymous Symbol]                       0x080027c0   Section        0  stm32g4xx_hal_uart.o(.text.UART_RxISR_8BIT_FIFOEN)
    [Anonymous Symbol]                       0x08002ac4   Section        0  stm32g4xx_hal_uart.o(.text.UART_Start_Receive_IT)
    [Anonymous Symbol]                       0x08002ce8   Section        0  usart.o(.text.USART1_IRQHandler)
    [Anonymous Symbol]                       0x08002d6c   Section        0  stm32g4xx_it.o(.text.UsageFault_Handler)
    __NVIC_GetPriorityGrouping               0x08002d71   Thumb Code    16  stm32g4xx_hal_cortex.o(.text.__NVIC_GetPriorityGrouping)
    [Anonymous Symbol]                       0x08002d70   Section        0  stm32g4xx_hal_cortex.o(.text.__NVIC_GetPriorityGrouping)
    __NVIC_SetPriority                       0x08002d81   Thumb Code    66  stm32g4xx_hal_cortex.o(.text.__NVIC_SetPriority)
    [Anonymous Symbol]                       0x08002d80   Section        0  stm32g4xx_hal_cortex.o(.text.__NVIC_SetPriority)
    __NVIC_SetPriorityGrouping               0x08002dc5   Thumb Code    60  stm32g4xx_hal_cortex.o(.text.__NVIC_SetPriorityGrouping)
    [Anonymous Symbol]                       0x08002dc4   Section        0  stm32g4xx_hal_cortex.o(.text.__NVIC_SetPriorityGrouping)
    [Anonymous Symbol]                       0x08002e00   Section        0  usart.o(.text._sys_exit)
    [Anonymous Symbol]                       0x08002e08   Section        0  delay.o(.text.delay_init)
    [Anonymous Symbol]                       0x08002e28   Section        0  delay.o(.text.delay_ms)
    [Anonymous Symbol]                       0x08002e58   Section        0  delay.o(.text.delay_us)
    [Anonymous Symbol]                       0x08002ee4   Section        0  main.o(.text.led_init)
    [Anonymous Symbol]                       0x08002f4c   Section        0  main.o(.text.main)
    [Anonymous Symbol]                       0x08002fc0   Section        0  sys.o(.text.sys_stm32_clock_init)
    $v0                                      0x080030ac   Number         0  fpinit.o(x$fpl$fpinit)
    x$fpl$fpinit                             0x080030ac   Section       26  fpinit.o(x$fpl$fpinit)
    .bss                                     0x20000010   Section       96  libspace.o(.bss)
    g_fac_us                                 0x20000070   Data           4  delay.o(.bss.g_fac_us)
    [Anonymous Symbol]                       0x20000070   Section        0  delay.o(.bss.g_fac_us)
    Heap_Mem                                 0x200001e0   Data         512  startup_stm32g474xx.o(HEAP)
    HEAP                                     0x200001e0   Section      512  startup_stm32g474xx.o(HEAP)
    Stack_Mem                                0x200003e0   Data        1024  startup_stm32g474xx.o(STACK)
    STACK                                    0x200003e0   Section     1024  startup_stm32g474xx.o(STACK)
    __initial_sp                             0x200007e0   Data           0  startup_stm32g474xx.o(STACK)

    Global Symbols

    Symbol Name                              Value     Ov Type        Size  Object(Section)

    BuildAttributes$$THM_ISAv4$E$P$D$K$B$S$7EM$VFPi3$EXTD16$VFPS$VFMA$PE$A:L22UL41UL21$X:L11$S22US41US21$IEEE1$IW$~IW$USESV6$~STKCKD$USESV7$~SHL$OSPACE$ROPI$EBA8$UX$STANDARDLIB$REQ8$PRES8$EABIv2 0x00000000   Number         0  anon$$obj.o ABSOLUTE
    __ARM_exceptions_init                     - Undefined Weak Reference
    __alloca_initialize                       - Undefined Weak Reference
    __arm_preinit_                            - Undefined Weak Reference
    __arm_relocate_pie_                       - Undefined Weak Reference
    __cpp_initialize__aeabi_                  - Undefined Weak Reference
    __cxa_finalize                            - Undefined Weak Reference
    __rt_locale                               - Undefined Weak Reference
    __sigvec_lookup                           - Undefined Weak Reference
    _atexit_init                              - Undefined Weak Reference
    _call_atexit_fns                          - Undefined Weak Reference
    _clock_init                               - Undefined Weak Reference
    _fp_trap_init                             - Undefined Weak Reference
    _fp_trap_shutdown                         - Undefined Weak Reference
    _get_lc_collate                           - Undefined Weak Reference
    _get_lc_ctype                             - Undefined Weak Reference
    _get_lc_monetary                          - Undefined Weak Reference
    _get_lc_numeric                           - Undefined Weak Reference
    _get_lc_time                              - Undefined Weak Reference
    _getenv_init                              - Undefined Weak Reference
    _handle_redirection                       - Undefined Weak Reference
    _init_alloc                               - Undefined Weak Reference
    _init_user_alloc                          - Undefined Weak Reference
    _initio                                   - Undefined Weak Reference
    _rand_init                                - Undefined Weak Reference
    _signal_finish                            - Undefined Weak Reference
    _signal_init                              - Undefined Weak Reference
    _terminate_alloc                          - Undefined Weak Reference
    _terminate_user_alloc                     - Undefined Weak Reference
    _terminateio                              - Undefined Weak Reference
    __Vectors_Size                           0x000001d8   Number         0  startup_stm32g474xx.o ABSOLUTE
    __Vectors                                0x08000000   Data           4  startup_stm32g474xx.o(RESET)
    __Vectors_End                            0x080001d8   Data           0  startup_stm32g474xx.o(RESET)
    __main                                   0x080001d9   Thumb Code     8  __main.o(!!!main)
    __scatterload                            0x080001e1   Thumb Code     0  __scatter.o(!!!scatter)
    __scatterload_rt2                        0x080001e1   Thumb Code    84  __scatter.o(!!!scatter)
    __scatterload_rt2_thumb_only             0x080001e1   Thumb Code     0  __scatter.o(!!!scatter)
    __scatterload_loop                       0x080001eb   Thumb Code     0  __scatter.o(!!!scatter)
    __scatterload_copy                       0x0800023d   Thumb Code    26  __scatter_copy.o(!!handler_copy)
    __scatterload_null                       0x08000259   Thumb Code     2  __scatter.o(!!handler_null)
    __scatterload_zeroinit                   0x0800025d   Thumb Code    28  __scatter_zi.o(!!handler_zi)
    __rt_lib_init                            0x08000279   Thumb Code     0  libinit.o(.ARM.Collect$$libinit$$00000000)
    __rt_lib_init_fp_1                       0x0800027b   Thumb Code     0  libinit2.o(.ARM.Collect$$libinit$$00000001)
    __rt_lib_init_alloca_1                   0x0800027f   Thumb Code     0  libinit2.o(.ARM.Collect$$libinit$$00000030)
    __rt_lib_init_argv_1                     0x0800027f   Thumb Code     0  libinit2.o(.ARM.Collect$$libinit$$0000002E)
    __rt_lib_init_atexit_1                   0x0800027f   Thumb Code     0  libinit2.o(.ARM.Collect$$libinit$$0000001D)
    __rt_lib_init_clock_1                    0x0800027f   Thumb Code     0  libinit2.o(.ARM.Collect$$libinit$$00000023)
    __rt_lib_init_cpp_1                      0x0800027f   Thumb Code     0  libinit2.o(.ARM.Collect$$libinit$$00000034)
    __rt_lib_init_exceptions_1               0x0800027f   Thumb Code     0  libinit2.o(.ARM.Collect$$libinit$$00000032)
    __rt_lib_init_fp_trap_1                  0x0800027f   Thumb Code     0  libinit2.o(.ARM.Collect$$libinit$$00000021)
    __rt_lib_init_getenv_1                   0x0800027f   Thumb Code     0  libinit2.o(.ARM.Collect$$libinit$$00000025)
    __rt_lib_init_heap_1                     0x0800027f   Thumb Code     0  libinit2.o(.ARM.Collect$$libinit$$0000000C)
    __rt_lib_init_lc_collate_1               0x0800027f   Thumb Code     0  libinit2.o(.ARM.Collect$$libinit$$00000013)
    __rt_lib_init_lc_ctype_1                 0x0800027f   Thumb Code     0  libinit2.o(.ARM.Collect$$libinit$$00000015)
    __rt_lib_init_lc_monetary_1              0x0800027f   Thumb Code     0  libinit2.o(.ARM.Collect$$libinit$$00000017)
    __rt_lib_init_lc_numeric_1               0x0800027f   Thumb Code     0  libinit2.o(.ARM.Collect$$libinit$$00000019)
    __rt_lib_init_lc_time_1                  0x0800027f   Thumb Code     0  libinit2.o(.ARM.Collect$$libinit$$0000001B)
    __rt_lib_init_preinit_1                  0x0800027f   Thumb Code     0  libinit2.o(.ARM.Collect$$libinit$$00000006)
    __rt_lib_init_rand_1                     0x0800027f   Thumb Code     0  libinit2.o(.ARM.Collect$$libinit$$00000010)
    __rt_lib_init_relocate_pie_1             0x0800027f   Thumb Code     0  libinit2.o(.ARM.Collect$$libinit$$00000004)
    __rt_lib_init_return                     0x0800027f   Thumb Code     0  libinit2.o(.ARM.Collect$$libinit$$00000035)
    __rt_lib_init_signal_1                   0x0800027f   Thumb Code     0  libinit2.o(.ARM.Collect$$libinit$$0000001F)
    __rt_lib_init_stdio_1                    0x0800027f   Thumb Code     0  libinit2.o(.ARM.Collect$$libinit$$00000027)
    __rt_lib_init_user_alloc_1               0x0800027f   Thumb Code     0  libinit2.o(.ARM.Collect$$libinit$$0000000E)
    __rt_lib_shutdown                        0x08000281   Thumb Code     0  libshutdown.o(.ARM.Collect$$libshutdown$$00000000)
    __rt_lib_shutdown_cpp_1                  0x08000283   Thumb Code     0  libshutdown2.o(.ARM.Collect$$libshutdown$$00000002)
    __rt_lib_shutdown_fp_trap_1              0x08000283   Thumb Code     0  libshutdown2.o(.ARM.Collect$$libshutdown$$00000007)
    __rt_lib_shutdown_heap_1                 0x08000283   Thumb Code     0  libshutdown2.o(.ARM.Collect$$libshutdown$$0000000F)
    __rt_lib_shutdown_return                 0x08000283   Thumb Code     0  libshutdown2.o(.ARM.Collect$$libshutdown$$00000010)
    __rt_lib_shutdown_signal_1               0x08000283   Thumb Code     0  libshutdown2.o(.ARM.Collect$$libshutdown$$0000000A)
    __rt_lib_shutdown_stdio_1                0x08000283   Thumb Code     0  libshutdown2.o(.ARM.Collect$$libshutdown$$00000004)
    __rt_lib_shutdown_user_alloc_1           0x08000283   Thumb Code     0  libshutdown2.o(.ARM.Collect$$libshutdown$$0000000C)
    __rt_entry                               0x08000285   Thumb Code     0  __rtentry.o(.ARM.Collect$$rtentry$$00000000)
    __rt_entry_presh_1                       0x08000285   Thumb Code     0  __rtentry2.o(.ARM.Collect$$rtentry$$00000002)
    __rt_entry_sh                            0x08000285   Thumb Code     0  __rtentry4.o(.ARM.Collect$$rtentry$$00000004)
    __rt_entry_li                            0x0800028b   Thumb Code     0  __rtentry2.o(.ARM.Collect$$rtentry$$0000000A)
    __rt_entry_postsh_1                      0x0800028b   Thumb Code     0  __rtentry2.o(.ARM.Collect$$rtentry$$00000009)
    __rt_entry_main                          0x0800028f   Thumb Code     0  __rtentry2.o(.ARM.Collect$$rtentry$$0000000D)
    __rt_entry_postli_1                      0x0800028f   Thumb Code     0  __rtentry2.o(.ARM.Collect$$rtentry$$0000000C)
    __rt_exit                                0x08000297   Thumb Code     0  rtexit.o(.ARM.Collect$$rtexit$$00000000)
    __rt_exit_ls                             0x08000299   Thumb Code     0  rtexit2.o(.ARM.Collect$$rtexit$$00000003)
    __rt_exit_prels_1                        0x08000299   Thumb Code     0  rtexit2.o(.ARM.Collect$$rtexit$$00000002)
    __rt_exit_exit                           0x0800029d   Thumb Code     0  rtexit2.o(.ARM.Collect$$rtexit$$00000004)
    Reset_Handler                            0x080002a5   Thumb Code     8  startup_stm32g474xx.o(.text)
    ADC1_2_IRQHandler                        0x080002bf   Thumb Code     0  startup_stm32g474xx.o(.text)
    ADC3_IRQHandler                          0x080002bf   Thumb Code     0  startup_stm32g474xx.o(.text)
    ADC4_IRQHandler                          0x080002bf   Thumb Code     0  startup_stm32g474xx.o(.text)
    ADC5_IRQHandler                          0x080002bf   Thumb Code     0  startup_stm32g474xx.o(.text)
    COMP1_2_3_IRQHandler                     0x080002bf   Thumb Code     0  startup_stm32g474xx.o(.text)
    COMP4_5_6_IRQHandler                     0x080002bf   Thumb Code     0  startup_stm32g474xx.o(.text)
    COMP7_IRQHandler                         0x080002bf   Thumb Code     0  startup_stm32g474xx.o(.text)
    CORDIC_IRQHandler                        0x080002bf   Thumb Code     0  startup_stm32g474xx.o(.text)
    CRS_IRQHandler                           0x080002bf   Thumb Code     0  startup_stm32g474xx.o(.text)
    DMA1_Channel1_IRQHandler                 0x080002bf   Thumb Code     0  startup_stm32g474xx.o(.text)
    DMA1_Channel2_IRQHandler                 0x080002bf   Thumb Code     0  startup_stm32g474xx.o(.text)
    DMA1_Channel3_IRQHandler                 0x080002bf   Thumb Code     0  startup_stm32g474xx.o(.text)
    DMA1_Channel4_IRQHandler                 0x080002bf   Thumb Code     0  startup_stm32g474xx.o(.text)
    DMA1_Channel5_IRQHandler                 0x080002bf   Thumb Code     0  startup_stm32g474xx.o(.text)
    DMA1_Channel6_IRQHandler                 0x080002bf   Thumb Code     0  startup_stm32g474xx.o(.text)
    DMA1_Channel7_IRQHandler                 0x080002bf   Thumb Code     0  startup_stm32g474xx.o(.text)
    DMA1_Channel8_IRQHandler                 0x080002bf   Thumb Code     0  startup_stm32g474xx.o(.text)
    DMA2_Channel1_IRQHandler                 0x080002bf   Thumb Code     0  startup_stm32g474xx.o(.text)
    DMA2_Channel2_IRQHandler                 0x080002bf   Thumb Code     0  startup_stm32g474xx.o(.text)
    DMA2_Channel3_IRQHandler                 0x080002bf   Thumb Code     0  startup_stm32g474xx.o(.text)
    DMA2_Channel4_IRQHandler                 0x080002bf   Thumb Code     0  startup_stm32g474xx.o(.text)
    DMA2_Channel5_IRQHandler                 0x080002bf   Thumb Code     0  startup_stm32g474xx.o(.text)
    DMA2_Channel6_IRQHandler                 0x080002bf   Thumb Code     0  startup_stm32g474xx.o(.text)
    DMA2_Channel7_IRQHandler                 0x080002bf   Thumb Code     0  startup_stm32g474xx.o(.text)
    DMA2_Channel8_IRQHandler                 0x080002bf   Thumb Code     0  startup_stm32g474xx.o(.text)
    DMAMUX_OVR_IRQHandler                    0x080002bf   Thumb Code     0  startup_stm32g474xx.o(.text)
    EXTI0_IRQHandler                         0x080002bf   Thumb Code     0  startup_stm32g474xx.o(.text)
    EXTI15_10_IRQHandler                     0x080002bf   Thumb Code     0  startup_stm32g474xx.o(.text)
    EXTI1_IRQHandler                         0x080002bf   Thumb Code     0  startup_stm32g474xx.o(.text)
    EXTI2_IRQHandler                         0x080002bf   Thumb Code     0  startup_stm32g474xx.o(.text)
    EXTI3_IRQHandler                         0x080002bf   Thumb Code     0  startup_stm32g474xx.o(.text)
    EXTI4_IRQHandler                         0x080002bf   Thumb Code     0  startup_stm32g474xx.o(.text)
    EXTI9_5_IRQHandler                       0x080002bf   Thumb Code     0  startup_stm32g474xx.o(.text)
    FDCAN1_IT0_IRQHandler                    0x080002bf   Thumb Code     0  startup_stm32g474xx.o(.text)
    FDCAN1_IT1_IRQHandler                    0x080002bf   Thumb Code     0  startup_stm32g474xx.o(.text)
    FDCAN2_IT0_IRQHandler                    0x080002bf   Thumb Code     0  startup_stm32g474xx.o(.text)
    FDCAN2_IT1_IRQHandler                    0x080002bf   Thumb Code     0  startup_stm32g474xx.o(.text)
    FDCAN3_IT0_IRQHandler                    0x080002bf   Thumb Code     0  startup_stm32g474xx.o(.text)
    FDCAN3_IT1_IRQHandler                    0x080002bf   Thumb Code     0  startup_stm32g474xx.o(.text)
    FLASH_IRQHandler                         0x080002bf   Thumb Code     0  startup_stm32g474xx.o(.text)
    FMAC_IRQHandler                          0x080002bf   Thumb Code     0  startup_stm32g474xx.o(.text)
    FMC_IRQHandler                           0x080002bf   Thumb Code     0  startup_stm32g474xx.o(.text)
    FPU_IRQHandler                           0x080002bf   Thumb Code     0  startup_stm32g474xx.o(.text)
    HRTIM1_FLT_IRQHandler                    0x080002bf   Thumb Code     0  startup_stm32g474xx.o(.text)
    HRTIM1_Master_IRQHandler                 0x080002bf   Thumb Code     0  startup_stm32g474xx.o(.text)
    HRTIM1_TIMA_IRQHandler                   0x080002bf   Thumb Code     0  startup_stm32g474xx.o(.text)
    HRTIM1_TIMB_IRQHandler                   0x080002bf   Thumb Code     0  startup_stm32g474xx.o(.text)
    HRTIM1_TIMC_IRQHandler                   0x080002bf   Thumb Code     0  startup_stm32g474xx.o(.text)
    HRTIM1_TIMD_IRQHandler                   0x080002bf   Thumb Code     0  startup_stm32g474xx.o(.text)
    HRTIM1_TIME_IRQHandler                   0x080002bf   Thumb Code     0  startup_stm32g474xx.o(.text)
    HRTIM1_TIMF_IRQHandler                   0x080002bf   Thumb Code     0  startup_stm32g474xx.o(.text)
    I2C1_ER_IRQHandler                       0x080002bf   Thumb Code     0  startup_stm32g474xx.o(.text)
    I2C1_EV_IRQHandler                       0x080002bf   Thumb Code     0  startup_stm32g474xx.o(.text)
    I2C2_ER_IRQHandler                       0x080002bf   Thumb Code     0  startup_stm32g474xx.o(.text)
    I2C2_EV_IRQHandler                       0x080002bf   Thumb Code     0  startup_stm32g474xx.o(.text)
    I2C3_ER_IRQHandler                       0x080002bf   Thumb Code     0  startup_stm32g474xx.o(.text)
    I2C3_EV_IRQHandler                       0x080002bf   Thumb Code     0  startup_stm32g474xx.o(.text)
    I2C4_ER_IRQHandler                       0x080002bf   Thumb Code     0  startup_stm32g474xx.o(.text)
    I2C4_EV_IRQHandler                       0x080002bf   Thumb Code     0  startup_stm32g474xx.o(.text)
    LPTIM1_IRQHandler                        0x080002bf   Thumb Code     0  startup_stm32g474xx.o(.text)
    LPUART1_IRQHandler                       0x080002bf   Thumb Code     0  startup_stm32g474xx.o(.text)
    PVD_PVM_IRQHandler                       0x080002bf   Thumb Code     0  startup_stm32g474xx.o(.text)
    QUADSPI_IRQHandler                       0x080002bf   Thumb Code     0  startup_stm32g474xx.o(.text)
    RCC_IRQHandler                           0x080002bf   Thumb Code     0  startup_stm32g474xx.o(.text)
    RNG_IRQHandler                           0x080002bf   Thumb Code     0  startup_stm32g474xx.o(.text)
    RTC_Alarm_IRQHandler                     0x080002bf   Thumb Code     0  startup_stm32g474xx.o(.text)
    RTC_TAMP_LSECSS_IRQHandler               0x080002bf   Thumb Code     0  startup_stm32g474xx.o(.text)
    RTC_WKUP_IRQHandler                      0x080002bf   Thumb Code     0  startup_stm32g474xx.o(.text)
    SAI1_IRQHandler                          0x080002bf   Thumb Code     0  startup_stm32g474xx.o(.text)
    SPI1_IRQHandler                          0x080002bf   Thumb Code     0  startup_stm32g474xx.o(.text)
    SPI2_IRQHandler                          0x080002bf   Thumb Code     0  startup_stm32g474xx.o(.text)
    SPI3_IRQHandler                          0x080002bf   Thumb Code     0  startup_stm32g474xx.o(.text)
    SPI4_IRQHandler                          0x080002bf   Thumb Code     0  startup_stm32g474xx.o(.text)
    TIM1_BRK_TIM15_IRQHandler                0x080002bf   Thumb Code     0  startup_stm32g474xx.o(.text)
    TIM1_CC_IRQHandler                       0x080002bf   Thumb Code     0  startup_stm32g474xx.o(.text)
    TIM1_TRG_COM_TIM17_IRQHandler            0x080002bf   Thumb Code     0  startup_stm32g474xx.o(.text)
    TIM1_UP_TIM16_IRQHandler                 0x080002bf   Thumb Code     0  startup_stm32g474xx.o(.text)
    TIM20_BRK_IRQHandler                     0x080002bf   Thumb Code     0  startup_stm32g474xx.o(.text)
    TIM20_CC_IRQHandler                      0x080002bf   Thumb Code     0  startup_stm32g474xx.o(.text)
    TIM20_TRG_COM_IRQHandler                 0x080002bf   Thumb Code     0  startup_stm32g474xx.o(.text)
    TIM20_UP_IRQHandler                      0x080002bf   Thumb Code     0  startup_stm32g474xx.o(.text)
    TIM2_IRQHandler                          0x080002bf   Thumb Code     0  startup_stm32g474xx.o(.text)
    TIM3_IRQHandler                          0x080002bf   Thumb Code     0  startup_stm32g474xx.o(.text)
    TIM4_IRQHandler                          0x080002bf   Thumb Code     0  startup_stm32g474xx.o(.text)
    TIM5_IRQHandler                          0x080002bf   Thumb Code     0  startup_stm32g474xx.o(.text)
    TIM6_DAC_IRQHandler                      0x080002bf   Thumb Code     0  startup_stm32g474xx.o(.text)
    TIM7_DAC_IRQHandler                      0x080002bf   Thumb Code     0  startup_stm32g474xx.o(.text)
    TIM8_BRK_IRQHandler                      0x080002bf   Thumb Code     0  startup_stm32g474xx.o(.text)
    TIM8_CC_IRQHandler                       0x080002bf   Thumb Code     0  startup_stm32g474xx.o(.text)
    TIM8_TRG_COM_IRQHandler                  0x080002bf   Thumb Code     0  startup_stm32g474xx.o(.text)
    TIM8_UP_IRQHandler                       0x080002bf   Thumb Code     0  startup_stm32g474xx.o(.text)
    UART4_IRQHandler                         0x080002bf   Thumb Code     0  startup_stm32g474xx.o(.text)
    UART5_IRQHandler                         0x080002bf   Thumb Code     0  startup_stm32g474xx.o(.text)
    UCPD1_IRQHandler                         0x080002bf   Thumb Code     0  startup_stm32g474xx.o(.text)
    USART2_IRQHandler                        0x080002bf   Thumb Code     0  startup_stm32g474xx.o(.text)
    USART3_IRQHandler                        0x080002bf   Thumb Code     0  startup_stm32g474xx.o(.text)
    USBWakeUp_IRQHandler                     0x080002bf   Thumb Code     0  startup_stm32g474xx.o(.text)
    USB_HP_IRQHandler                        0x080002bf   Thumb Code     0  startup_stm32g474xx.o(.text)
    USB_LP_IRQHandler                        0x080002bf   Thumb Code     0  startup_stm32g474xx.o(.text)
    WWDG_IRQHandler                          0x080002bf   Thumb Code     0  startup_stm32g474xx.o(.text)
    __user_initial_stackheap                 0x080002c1   Thumb Code     0  startup_stm32g474xx.o(.text)
    __use_no_semihosting                     0x080002e5   Thumb Code     2  use_no_semi_2.o(.text)
    __aeabi_memclr4                          0x080002e7   Thumb Code     0  rt_memclr_w.o(.text)
    __aeabi_memclr8                          0x080002e7   Thumb Code     0  rt_memclr_w.o(.text)
    __rt_memclr_w                            0x080002e7   Thumb Code     0  rt_memclr_w.o(.text)
    _memset_w                                0x080002eb   Thumb Code    74  rt_memclr_w.o(.text)
    __use_two_region_memory                  0x08000335   Thumb Code     2  heapauxi.o(.text)
    __rt_heap_escrow$2region                 0x08000337   Thumb Code     2  heapauxi.o(.text)
    __rt_heap_expand$2region                 0x08000339   Thumb Code     2  heapauxi.o(.text)
    __semihosting$guard                      0x0800033b   Thumb Code     0  use_no_semi.o(.text)
    __use_no_semihosting_swi                 0x0800033b   Thumb Code     2  use_no_semi.o(.text)
    __user_setup_stackheap                   0x0800033d   Thumb Code    74  sys_stackheap_outer.o(.text)
    exit                                     0x08000387   Thumb Code    18  exit.o(.text)
    __user_libspace                          0x08000399   Thumb Code     8  libspace.o(.text)
    __user_perproc_libspace                  0x08000399   Thumb Code     0  libspace.o(.text)
    __user_perthread_libspace                0x08000399   Thumb Code     0  libspace.o(.text)
    BusFault_Handler                         0x080003a1   Thumb Code     4  stm32g4xx_it.o(.text.BusFault_Handler)
    DebugMon_Handler                         0x080003a5   Thumb Code     2  stm32g4xx_it.o(.text.DebugMon_Handler)
    HAL_DMA_Abort                            0x080003a9   Thumb Code   156  stm32g4xx_hal_dma.o(.text.HAL_DMA_Abort)
    HAL_DMA_Abort_IT                         0x08000445   Thumb Code   194  stm32g4xx_hal_dma.o(.text.HAL_DMA_Abort_IT)
    HAL_GPIO_Init                            0x08000509   Thumb Code   872  stm32g4xx_hal_gpio.o(.text.HAL_GPIO_Init)
    HAL_GPIO_WritePin                        0x08000871   Thumb Code    44  stm32g4xx_hal_gpio.o(.text.HAL_GPIO_WritePin)
    HAL_GetREVID                             0x0800089d   Thumb Code    14  stm32g4xx_hal.o(.text.HAL_GetREVID)
    HAL_GetTick                              0x080008ad   Thumb Code    12  stm32g4xx_hal.o(.text.HAL_GetTick)
    HAL_IncTick                              0x080008b9   Thumb Code    26  stm32g4xx_hal.o(.text.HAL_IncTick)
    HAL_Init                                 0x080008d5   Thumb Code    48  stm32g4xx_hal.o(.text.HAL_Init)
    HAL_InitTick                             0x08000905   Thumb Code   136  stm32g4xx_hal.o(.text.HAL_InitTick)
    HAL_MspInit                              0x0800098d   Thumb Code     2  stm32g4xx_hal.o(.text.HAL_MspInit)
    HAL_NVIC_SetPriority                     0x08000991   Thumb Code    46  stm32g4xx_hal_cortex.o(.text.HAL_NVIC_SetPriority)
    HAL_NVIC_SetPriorityGrouping             0x080009c1   Thumb Code    16  stm32g4xx_hal_cortex.o(.text.HAL_NVIC_SetPriorityGrouping)
    HAL_PWREx_ControlVoltageScaling          0x080009d1   Thumb Code   436  stm32g4xx_hal_pwr_ex.o(.text.HAL_PWREx_ControlVoltageScaling)
    HAL_RCC_ClockConfig                      0x08000b85   Thumb Code   806  stm32g4xx_hal_rcc.o(.text.HAL_RCC_ClockConfig)
    HAL_RCC_GetSysClockFreq                  0x08000ead   Thumb Code   252  stm32g4xx_hal_rcc.o(.text.HAL_RCC_GetSysClockFreq)
    HAL_RCC_OscConfig                        0x08000fa9   Thumb Code  1974  stm32g4xx_hal_rcc.o(.text.HAL_RCC_OscConfig)
    HAL_SYSTICK_CLKSourceConfig              0x08001761   Thumb Code    52  stm32g4xx_hal_cortex.o(.text.HAL_SYSTICK_CLKSourceConfig)
    HAL_SYSTICK_Config                       0x08001795   Thumb Code    16  stm32g4xx_hal_cortex.o(.text.HAL_SYSTICK_Config)
    HAL_UARTEx_RxEventCallback               0x080017a5   Thumb Code    12  stm32g4xx_hal_uart.o(.text.HAL_UARTEx_RxEventCallback)
    HAL_UARTEx_RxFifoFullCallback            0x080017b1   Thumb Code     8  stm32g4xx_hal_uart_ex.o(.text.HAL_UARTEx_RxFifoFullCallback)
    HAL_UARTEx_TxFifoEmptyCallback           0x080017b9   Thumb Code     8  stm32g4xx_hal_uart_ex.o(.text.HAL_UARTEx_TxFifoEmptyCallback)
    HAL_UARTEx_WakeupCallback                0x080017c1   Thumb Code     8  stm32g4xx_hal_uart_ex.o(.text.HAL_UARTEx_WakeupCallback)
    HAL_UART_ErrorCallback                   0x080017c9   Thumb Code     8  stm32g4xx_hal_uart.o(.text.HAL_UART_ErrorCallback)
    HAL_UART_GetState                        0x080017d1   Thumb Code    30  stm32g4xx_hal_uart.o(.text.HAL_UART_GetState)
    HAL_UART_IRQHandler                      0x080017f1   Thumb Code  1430  stm32g4xx_hal_uart.o(.text.HAL_UART_IRQHandler)
    HAL_UART_Receive_IT                      0x08001d89   Thumb Code   160  stm32g4xx_hal_uart.o(.text.HAL_UART_Receive_IT)
    HAL_UART_RxCpltCallback                  0x08001e29   Thumb Code   240  usart.o(.text.HAL_UART_RxCpltCallback)
    HAL_UART_TxCpltCallback                  0x08001f19   Thumb Code     8  stm32g4xx_hal_uart.o(.text.HAL_UART_TxCpltCallback)
    HardFault_Handler                        0x08001f21   Thumb Code     4  stm32g4xx_it.o(.text.HardFault_Handler)
    MemManage_Handler                        0x08001f25   Thumb Code     4  stm32g4xx_it.o(.text.MemManage_Handler)
    NMI_Handler                              0x08001f29   Thumb Code     2  stm32g4xx_it.o(.text.NMI_Handler)
    PendSV_Handler                           0x08001f99   Thumb Code     2  stm32g4xx_it.o(.text.PendSV_Handler)
    SVC_Handler                              0x08002039   Thumb Code     2  stm32g4xx_it.o(.text.SVC_Handler)
    SysTick_Handler                          0x08002091   Thumb Code     8  stm32g4xx_it.o(.text.SysTick_Handler)
    SystemInit                               0x08002099   Thumb Code    18  system_stm32g4xx.o(.text.SystemInit)
    UART_Start_Receive_IT                    0x08002ac5   Thumb Code   546  stm32g4xx_hal_uart.o(.text.UART_Start_Receive_IT)
    USART1_IRQHandler                        0x08002ce9   Thumb Code   132  usart.o(.text.USART1_IRQHandler)
    UsageFault_Handler                       0x08002d6d   Thumb Code     4  stm32g4xx_it.o(.text.UsageFault_Handler)
    _sys_exit                                0x08002e01   Thumb Code     8  usart.o(.text._sys_exit)
    delay_init                               0x08002e09   Thumb Code    32  delay.o(.text.delay_init)
    delay_ms                                 0x08002e29   Thumb Code    48  delay.o(.text.delay_ms)
    delay_us                                 0x08002e59   Thumb Code   138  delay.o(.text.delay_us)
    led_init                                 0x08002ee5   Thumb Code   104  main.o(.text.led_init)
    main                                     0x08002f4d   Thumb Code   114  main.o(.text.main)
    sys_stm32_clock_init                     0x08002fc1   Thumb Code   236  sys.o(.text.sys_stm32_clock_init)
    _fp_init                                 0x080030ad   Thumb Code    26  fpinit.o(x$fpl$fpinit)
    __fplib_config_fpu_vfp                   0x080030c5   Thumb Code     0  fpinit.o(x$fpl$fpinit)
    __fplib_config_pureend_doubles           0x080030c5   Thumb Code     0  fpinit.o(x$fpl$fpinit)
    AHBPrescTable                            0x080030c6   Data          16  system_stm32g4xx.o(.rodata.AHBPrescTable)
    Region$$Table$$Base                      0x080030d8   Number         0  anon$$obj.o(Region$$Table)
    Region$$Table$$Limit                     0x080030f8   Number         0  anon$$obj.o(Region$$Table)
    __ARM_use_no_argv                        0x20000000   Data           4  main.o(.ARM.use_no_argv)
    SystemCoreClock                          0x20000004   Data           4  system_stm32g4xx.o(.data.SystemCoreClock)
    uwTickFreq                               0x20000008   Data           4  stm32g4xx_hal.o(.data.uwTickFreq)
    uwTickPrio                               0x2000000c   Data           4  stm32g4xx_hal.o(.data.uwTickPrio)
    __libspace_start                         0x20000010   Data          96  libspace.o(.bss)
    __temporary_stack_top$libspace           0x20000070   Data           0  libspace.o(.bss)
    g_rx_buffer                              0x20000074   Data           1  usart.o(.bss.g_rx_buffer)
    g_uart1_handle                           0x20000078   Data         148  usart.o(.bss.g_uart1_handle)
    g_usart_rx_buf                           0x2000010c   Data         200  usart.o(.bss.g_usart_rx_buf)
    g_usart_rx_sta                           0x200001d4   Data           2  usart.o(.bss.g_usart_rx_sta)
    uwTick                                   0x200001d8   Data           4  stm32g4xx_hal.o(.bss.uwTick)



==============================================================================

Memory Map of the image

  Image Entry point : 0x080001d9

  Load Region LR_IROM1 (Base: 0x08000000, Size: 0x00003108, Max: 0x00080000, ABSOLUTE)

    Execution Region ER_IROM1 (Exec base: 0x08000000, Load base: 0x08000000, Size: 0x000030f8, Max: 0x00080000, ABSOLUTE)

    Exec Addr    Load Addr    Size         Type   Attr      Idx    E Section Name        Object

    0x08000000   0x08000000   0x000001d8   Data   RO            3    RESET               startup_stm32g474xx.o
    0x080001d8   0x080001d8   0x00000008   Code   RO          909  * !!!main             c_w.l(__main.o)
    0x080001e0   0x080001e0   0x0000005c   Code   RO         1071    !!!scatter          c_w.l(__scatter.o)
    0x0800023c   0x0800023c   0x0000001a   Code   RO         1075    !!handler_copy      c_w.l(__scatter_copy.o)
    0x08000256   0x08000256   0x00000002   PAD
    0x08000258   0x08000258   0x00000002   Code   RO         1072    !!handler_null      c_w.l(__scatter.o)
    0x0800025a   0x0800025a   0x00000002   PAD
    0x0800025c   0x0800025c   0x0000001c   Code   RO         1077    !!handler_zi        c_w.l(__scatter_zi.o)
    0x08000278   0x08000278   0x00000002   Code   RO          948    .ARM.Collect$$libinit$$00000000  c_w.l(libinit.o)
    0x0800027a   0x0800027a   0x00000004   Code   RO          960    .ARM.Collect$$libinit$$00000001  c_w.l(libinit2.o)
    0x0800027e   0x0800027e   0x00000000   Code   RO          963    .ARM.Collect$$libinit$$00000004  c_w.l(libinit2.o)
    0x0800027e   0x0800027e   0x00000000   Code   RO          965    .ARM.Collect$$libinit$$00000006  c_w.l(libinit2.o)
    0x0800027e   0x0800027e   0x00000000   Code   RO          968    .ARM.Collect$$libinit$$0000000C  c_w.l(libinit2.o)
    0x0800027e   0x0800027e   0x00000000   Code   RO          970    .ARM.Collect$$libinit$$0000000E  c_w.l(libinit2.o)
    0x0800027e   0x0800027e   0x00000000   Code   RO          972    .ARM.Collect$$libinit$$00000010  c_w.l(libinit2.o)
    0x0800027e   0x0800027e   0x00000000   Code   RO          975    .ARM.Collect$$libinit$$00000013  c_w.l(libinit2.o)
    0x0800027e   0x0800027e   0x00000000   Code   RO          977    .ARM.Collect$$libinit$$00000015  c_w.l(libinit2.o)
    0x0800027e   0x0800027e   0x00000000   Code   RO          979    .ARM.Collect$$libinit$$00000017  c_w.l(libinit2.o)
    0x0800027e   0x0800027e   0x00000000   Code   RO          981    .ARM.Collect$$libinit$$00000019  c_w.l(libinit2.o)
    0x0800027e   0x0800027e   0x00000000   Code   RO          983    .ARM.Collect$$libinit$$0000001B  c_w.l(libinit2.o)
    0x0800027e   0x0800027e   0x00000000   Code   RO          985    .ARM.Collect$$libinit$$0000001D  c_w.l(libinit2.o)
    0x0800027e   0x0800027e   0x00000000   Code   RO          987    .ARM.Collect$$libinit$$0000001F  c_w.l(libinit2.o)
    0x0800027e   0x0800027e   0x00000000   Code   RO          989    .ARM.Collect$$libinit$$00000021  c_w.l(libinit2.o)
    0x0800027e   0x0800027e   0x00000000   Code   RO          991    .ARM.Collect$$libinit$$00000023  c_w.l(libinit2.o)
    0x0800027e   0x0800027e   0x00000000   Code   RO          993    .ARM.Collect$$libinit$$00000025  c_w.l(libinit2.o)
    0x0800027e   0x0800027e   0x00000000   Code   RO          995    .ARM.Collect$$libinit$$00000027  c_w.l(libinit2.o)
    0x0800027e   0x0800027e   0x00000000   Code   RO          999    .ARM.Collect$$libinit$$0000002E  c_w.l(libinit2.o)
    0x0800027e   0x0800027e   0x00000000   Code   RO         1001    .ARM.Collect$$libinit$$00000030  c_w.l(libinit2.o)
    0x0800027e   0x0800027e   0x00000000   Code   RO         1003    .ARM.Collect$$libinit$$00000032  c_w.l(libinit2.o)
    0x0800027e   0x0800027e   0x00000000   Code   RO         1005    .ARM.Collect$$libinit$$00000034  c_w.l(libinit2.o)
    0x0800027e   0x0800027e   0x00000002   Code   RO         1006    .ARM.Collect$$libinit$$00000035  c_w.l(libinit2.o)
    0x08000280   0x08000280   0x00000002   Code   RO         1030    .ARM.Collect$$libshutdown$$00000000  c_w.l(libshutdown.o)
    0x08000282   0x08000282   0x00000000   Code   RO         1054    .ARM.Collect$$libshutdown$$00000002  c_w.l(libshutdown2.o)
    0x08000282   0x08000282   0x00000000   Code   RO         1056    .ARM.Collect$$libshutdown$$00000004  c_w.l(libshutdown2.o)
    0x08000282   0x08000282   0x00000000   Code   RO         1059    .ARM.Collect$$libshutdown$$00000007  c_w.l(libshutdown2.o)
    0x08000282   0x08000282   0x00000000   Code   RO         1062    .ARM.Collect$$libshutdown$$0000000A  c_w.l(libshutdown2.o)
    0x08000282   0x08000282   0x00000000   Code   RO         1064    .ARM.Collect$$libshutdown$$0000000C  c_w.l(libshutdown2.o)
    0x08000282   0x08000282   0x00000000   Code   RO         1067    .ARM.Collect$$libshutdown$$0000000F  c_w.l(libshutdown2.o)
    0x08000282   0x08000282   0x00000002   Code   RO         1068    .ARM.Collect$$libshutdown$$00000010  c_w.l(libshutdown2.o)
    0x08000284   0x08000284   0x00000000   Code   RO          913    .ARM.Collect$$rtentry$$00000000  c_w.l(__rtentry.o)
    0x08000284   0x08000284   0x00000000   Code   RO          919    .ARM.Collect$$rtentry$$00000002  c_w.l(__rtentry2.o)
    0x08000284   0x08000284   0x00000006   Code   RO          931    .ARM.Collect$$rtentry$$00000004  c_w.l(__rtentry4.o)
    0x0800028a   0x0800028a   0x00000000   Code   RO          921    .ARM.Collect$$rtentry$$00000009  c_w.l(__rtentry2.o)
    0x0800028a   0x0800028a   0x00000004   Code   RO          922    .ARM.Collect$$rtentry$$0000000A  c_w.l(__rtentry2.o)
    0x0800028e   0x0800028e   0x00000000   Code   RO          924    .ARM.Collect$$rtentry$$0000000C  c_w.l(__rtentry2.o)
    0x0800028e   0x0800028e   0x00000008   Code   RO          925    .ARM.Collect$$rtentry$$0000000D  c_w.l(__rtentry2.o)
    0x08000296   0x08000296   0x00000002   Code   RO          952    .ARM.Collect$$rtexit$$00000000  c_w.l(rtexit.o)
    0x08000298   0x08000298   0x00000000   Code   RO         1008    .ARM.Collect$$rtexit$$00000002  c_w.l(rtexit2.o)
    0x08000298   0x08000298   0x00000004   Code   RO         1009    .ARM.Collect$$rtexit$$00000003  c_w.l(rtexit2.o)
    0x0800029c   0x0800029c   0x00000006   Code   RO         1010    .ARM.Collect$$rtexit$$00000004  c_w.l(rtexit2.o)
    0x080002a2   0x080002a2   0x00000002   PAD
    0x080002a4   0x080002a4   0x00000040   Code   RO            4    .text               startup_stm32g474xx.o
    0x080002e4   0x080002e4   0x00000002   Code   RO          901    .text               c_w.l(use_no_semi_2.o)
    0x080002e6   0x080002e6   0x0000004e   Code   RO          905    .text               c_w.l(rt_memclr_w.o)
    0x08000334   0x08000334   0x00000006   Code   RO          907    .text               c_w.l(heapauxi.o)
    0x0800033a   0x0800033a   0x00000002   Code   RO          911    .text               c_w.l(use_no_semi.o)
    0x0800033c   0x0800033c   0x0000004a   Code   RO          935    .text               c_w.l(sys_stackheap_outer.o)
    0x08000386   0x08000386   0x00000012   Code   RO          937    .text               c_w.l(exit.o)
    0x08000398   0x08000398   0x00000008   Code   RO          949    .text               c_w.l(libspace.o)
    0x080003a0   0x080003a0   0x00000004   Code   RO           29    .text.BusFault_Handler  stm32g4xx_it.o
    0x080003a4   0x080003a4   0x00000002   Code   RO           35    .text.DebugMon_Handler  stm32g4xx_it.o
    0x080003a6   0x080003a6   0x00000002   PAD
    0x080003a8   0x080003a8   0x0000009c   Code   RO          246    .text.HAL_DMA_Abort  stm32g4xx_hal_dma.o
    0x08000444   0x08000444   0x000000c2   Code   RO          248    .text.HAL_DMA_Abort_IT  stm32g4xx_hal_dma.o
    0x08000506   0x08000506   0x00000002   PAD
    0x08000508   0x08000508   0x00000368   Code   RO          209    .text.HAL_GPIO_Init  stm32g4xx_hal_gpio.o
    0x08000870   0x08000870   0x0000002c   Code   RO          215    .text.HAL_GPIO_WritePin  stm32g4xx_hal_gpio.o
    0x0800089c   0x0800089c   0x0000000e   Code   RO           76    .text.HAL_GetREVID  stm32g4xx_hal.o
    0x080008aa   0x080008aa   0x00000002   PAD
    0x080008ac   0x080008ac   0x0000000c   Code   RO           60    .text.HAL_GetTick   stm32g4xx_hal.o
    0x080008b8   0x080008b8   0x0000001a   Code   RO           58    .text.HAL_IncTick   stm32g4xx_hal.o
    0x080008d2   0x080008d2   0x00000002   PAD
    0x080008d4   0x080008d4   0x00000030   Code   RO           48    .text.HAL_Init      stm32g4xx_hal.o
    0x08000904   0x08000904   0x00000088   Code   RO           50    .text.HAL_InitTick  stm32g4xx_hal.o
    0x0800098c   0x0800098c   0x00000002   Code   RO           52    .text.HAL_MspInit   stm32g4xx_hal.o
    0x0800098e   0x0800098e   0x00000002   PAD
    0x08000990   0x08000990   0x0000002e   Code   RO          138    .text.HAL_NVIC_SetPriority  stm32g4xx_hal_cortex.o
    0x080009be   0x080009be   0x00000002   PAD
    0x080009c0   0x080009c0   0x00000010   Code   RO          134    .text.HAL_NVIC_SetPriorityGrouping  stm32g4xx_hal_cortex.o
    0x080009d0   0x080009d0   0x000001b4   Code   RO          327    .text.HAL_PWREx_ControlVoltageScaling  stm32g4xx_hal_pwr_ex.o
    0x08000b84   0x08000b84   0x00000326   Code   RO          410    .text.HAL_RCC_ClockConfig  stm32g4xx_hal_rcc.o
    0x08000eaa   0x08000eaa   0x00000002   PAD
    0x08000eac   0x08000eac   0x000000fc   Code   RO          414    .text.HAL_RCC_GetSysClockFreq  stm32g4xx_hal_rcc.o
    0x08000fa8   0x08000fa8   0x000007b6   Code   RO          408    .text.HAL_RCC_OscConfig  stm32g4xx_hal_rcc.o
    0x0800175e   0x0800175e   0x00000002   PAD
    0x08001760   0x08001760   0x00000034   Code   RO          186    .text.HAL_SYSTICK_CLKSourceConfig  stm32g4xx_hal_cortex.o
    0x08001794   0x08001794   0x00000010   Code   RO          158    .text.HAL_SYSTICK_Config  stm32g4xx_hal_cortex.o
    0x080017a4   0x080017a4   0x0000000c   Code   RO          584    .text.HAL_UARTEx_RxEventCallback  stm32g4xx_hal_uart.o
    0x080017b0   0x080017b0   0x00000008   Code   RO          642    .text.HAL_UARTEx_RxFifoFullCallback  stm32g4xx_hal_uart_ex.o
    0x080017b8   0x080017b8   0x00000008   Code   RO          644    .text.HAL_UARTEx_TxFifoEmptyCallback  stm32g4xx_hal_uart_ex.o
    0x080017c0   0x080017c0   0x00000008   Code   RO          640    .text.HAL_UARTEx_WakeupCallback  stm32g4xx_hal_uart_ex.o
    0x080017c8   0x080017c8   0x00000008   Code   RO          582    .text.HAL_UART_ErrorCallback  stm32g4xx_hal_uart.o
    0x080017d0   0x080017d0   0x0000001e   Code   RO          614    .text.HAL_UART_GetState  stm32g4xx_hal_uart.o
    0x080017ee   0x080017ee   0x00000002   PAD
    0x080017f0   0x080017f0   0x00000596   Code   RO          578    .text.HAL_UART_IRQHandler  stm32g4xx_hal_uart.o
    0x08001d86   0x08001d86   0x00000002   PAD
    0x08001d88   0x08001d88   0x000000a0   Code   RO          526    .text.HAL_UART_Receive_IT  stm32g4xx_hal_uart.o
    0x08001e28   0x08001e28   0x000000f0   Code   RO          870    .text.HAL_UART_RxCpltCallback  usart.o
    0x08001f18   0x08001f18   0x00000008   Code   RO          588    .text.HAL_UART_TxCpltCallback  stm32g4xx_hal_uart.o
    0x08001f20   0x08001f20   0x00000004   Code   RO           25    .text.HardFault_Handler  stm32g4xx_it.o
    0x08001f24   0x08001f24   0x00000004   Code   RO           27    .text.MemManage_Handler  stm32g4xx_it.o
    0x08001f28   0x08001f28   0x00000002   Code   RO           23    .text.NMI_Handler   stm32g4xx_it.o
    0x08001f2a   0x08001f2a   0x00000002   PAD
    0x08001f2c   0x08001f2c   0x0000006c   Code   RO          144    .text.NVIC_EncodePriority  stm32g4xx_hal_cortex.o
    0x08001f98   0x08001f98   0x00000002   Code   RO           37    .text.PendSV_Handler  stm32g4xx_it.o
    0x08001f9a   0x08001f9a   0x00000002   PAD
    0x08001f9c   0x08001f9c   0x0000009c   Code   RO          412    .text.RCC_GetSysClockFreqFromPLLSource  stm32g4xx_hal_rcc.o
    0x08002038   0x08002038   0x00000002   Code   RO           33    .text.SVC_Handler   stm32g4xx_it.o
    0x0800203a   0x0800203a   0x00000002   PAD
    0x0800203c   0x0800203c   0x00000052   Code   RO          160    .text.SysTick_Config  stm32g4xx_hal_cortex.o
    0x0800208e   0x0800208e   0x00000002   PAD
    0x08002090   0x08002090   0x00000008   Code   RO           39    .text.SysTick_Handler  stm32g4xx_it.o
    0x08002098   0x08002098   0x00000012   Code   RO          886    .text.SystemInit    system_stm32g4xx.o
    0x080020aa   0x080020aa   0x00000002   PAD
    0x080020ac   0x080020ac   0x00000024   Code   RO          580    .text.UART_DMAAbortOnError  stm32g4xx_hal_uart.o
    0x080020d0   0x080020d0   0x0000009e   Code   RO          550    .text.UART_EndRxTransfer  stm32g4xx_hal_uart.o
    0x0800216e   0x0800216e   0x00000002   PAD
    0x08002170   0x08002170   0x00000044   Code   RO          586    .text.UART_EndTransmit_IT  stm32g4xx_hal_uart.o
    0x080021b4   0x080021b4   0x00000184   Code   RO          622    .text.UART_RxISR_16BIT  stm32g4xx_hal_uart.o
    0x08002338   0x08002338   0x00000308   Code   RO          618    .text.UART_RxISR_16BIT_FIFOEN  stm32g4xx_hal_uart.o
    0x08002640   0x08002640   0x00000180   Code   RO          624    .text.UART_RxISR_8BIT  stm32g4xx_hal_uart.o
    0x080027c0   0x080027c0   0x00000304   Code   RO          620    .text.UART_RxISR_8BIT_FIFOEN  stm32g4xx_hal_uart.o
    0x08002ac4   0x08002ac4   0x00000222   Code   RO          528    .text.UART_Start_Receive_IT  stm32g4xx_hal_uart.o
    0x08002ce6   0x08002ce6   0x00000002   PAD
    0x08002ce8   0x08002ce8   0x00000084   Code   RO          872    .text.USART1_IRQHandler  usart.o
    0x08002d6c   0x08002d6c   0x00000004   Code   RO           31    .text.UsageFault_Handler  stm32g4xx_it.o
    0x08002d70   0x08002d70   0x00000010   Code   RO          140    .text.__NVIC_GetPriorityGrouping  stm32g4xx_hal_cortex.o
    0x08002d80   0x08002d80   0x00000042   Code   RO          142    .text.__NVIC_SetPriority  stm32g4xx_hal_cortex.o
    0x08002dc2   0x08002dc2   0x00000002   PAD
    0x08002dc4   0x08002dc4   0x0000003c   Code   RO          136    .text.__NVIC_SetPriorityGrouping  stm32g4xx_hal_cortex.o
    0x08002e00   0x08002e00   0x00000008   Code   RO          860    .text._sys_exit     usart.o
    0x08002e08   0x08002e08   0x00000020   Code   RO          817    .text.delay_init    delay.o
    0x08002e28   0x08002e28   0x00000030   Code   RO          821    .text.delay_ms      delay.o
    0x08002e58   0x08002e58   0x0000008a   Code   RO          819    .text.delay_us      delay.o
    0x08002ee2   0x08002ee2   0x00000002   PAD
    0x08002ee4   0x08002ee4   0x00000068   Code   RO           11    .text.led_init      main.o
    0x08002f4c   0x08002f4c   0x00000072   Code   RO           13    .text.main          main.o
    0x08002fbe   0x08002fbe   0x00000002   PAD
    0x08002fc0   0x08002fc0   0x000000ec   Code   RO          849    .text.sys_stm32_clock_init  sys.o
    0x080030ac   0x080030ac   0x0000001a   Code   RO         1020    x$fpl$fpinit        fz_wm.l(fpinit.o)
    0x080030c6   0x080030c6   0x00000010   Data   RO          891    .rodata.AHBPrescTable  system_stm32g4xx.o
    0x080030d6   0x080030d6   0x00000002   PAD
    0x080030d8   0x080030d8   0x00000020   Data   RO         1070    Region$$Table       anon$$obj.o


    Execution Region RW_IRAM1 (Exec base: 0x20000000, Load base: 0x080030f8, Size: 0x000007e0, Max: 0x00020000, ABSOLUTE)

    Exec Addr    Load Addr    Size         Type   Attr      Idx    E Section Name        Object

    0x20000000   0x080030f8   0x00000004   Data   RW           15    .ARM.use_no_argv    main.o
    0x20000004   0x080030fc   0x00000004   Data   RW          890    .data.SystemCoreClock  system_stm32g4xx.o
    0x20000008   0x08003100   0x00000004   Data   RW          125    .data.uwTickFreq    stm32g4xx_hal.o
    0x2000000c   0x08003104   0x00000004   Data   RW          124    .data.uwTickPrio    stm32g4xx_hal.o
    0x20000010        -       0x00000060   Zero   RW          950    .bss                c_w.l(libspace.o)
    0x20000070        -       0x00000004   Zero   RW          825    .bss.g_fac_us       delay.o
    0x20000074        -       0x00000001   Zero   RW          876    .bss.g_rx_buffer    usart.o
    0x20000075   0x08003108   0x00000003   PAD
    0x20000078        -       0x00000094   Zero   RW          875    .bss.g_uart1_handle  usart.o
    0x2000010c        -       0x000000c8   Zero   RW          877    .bss.g_usart_rx_buf  usart.o
    0x200001d4        -       0x00000002   Zero   RW          874    .bss.g_usart_rx_sta  usart.o
    0x200001d6   0x08003108   0x00000002   PAD
    0x200001d8        -       0x00000004   Zero   RW          126    .bss.uwTick         stm32g4xx_hal.o
    0x200001dc   0x08003108   0x00000004   PAD
    0x200001e0        -       0x00000200   Zero   RW            2    HEAP                startup_stm32g474xx.o
    0x200003e0        -       0x00000400   Zero   RW            1    STACK               startup_stm32g474xx.o


==============================================================================

Image component sizes


      Code (inc. data)   RO Data    RW Data    ZI Data      Debug   Object Name

       218          0          0          0          4       1492   delay.o
       218          0          0          4          0       2401   main.o
        64         26        472          0       1536        900   startup_stm32g474xx.o
       238          0          0          8          4       9129   stm32g4xx_hal.o
       462          0          0          0          0      10119   stm32g4xx_hal_cortex.o
       350          0          0          0          0       7779   stm32g4xx_hal_dma.o
       916          0          0          0          0       5316   stm32g4xx_hal_gpio.o
       436          0          0          0          0       7820   stm32g4xx_hal_pwr_ex.o
      3188          0          0          0          0       9528   stm32g4xx_hal_rcc.o
      4776          0          0          0          0      27423   stm32g4xx_hal_uart.o
        24          0          0          0          0       8899   stm32g4xx_hal_uart_ex.o
        32          0          0          0          0        989   stm32g4xx_it.o
       236          0          0          0          0       5328   sys.o
        18          0         16          4          0       2823   system_stm32g4xx.o
       380          0          0          0        351       9305   usart.o

    ----------------------------------------------------------------------
     11596         26        522         16       1904     109251   Object Totals
         0          0         32          0          0          0   (incl. Generated)
        40          0          2          0          9          0   (incl. Padding)

    ----------------------------------------------------------------------

      Code (inc. data)   RO Data    RW Data    ZI Data      Debug   Library Member Name

         8          0          0          0          0         68   __main.o
         0          0          0          0          0          0   __rtentry.o
        12          0          0          0          0          0   __rtentry2.o
         6          0          0          0          0          0   __rtentry4.o
        94          8          0          0          0          0   __scatter.o
        26          0          0          0          0          0   __scatter_copy.o
        28          0          0          0          0          0   __scatter_zi.o
        18          0          0          0          0         80   exit.o
         6          0          0          0          0        152   heapauxi.o
         2          0          0          0          0          0   libinit.o
         6          0          0          0          0          0   libinit2.o
         2          0          0          0          0          0   libshutdown.o
         2          0          0          0          0          0   libshutdown2.o
         8          4          0          0         96         68   libspace.o
        78          0          0          0          0         80   rt_memclr_w.o
         2          0          0          0          0          0   rtexit.o
        10          0          0          0          0          0   rtexit2.o
        74          0          0          0          0         80   sys_stackheap_outer.o
         2          0          0          0          0         68   use_no_semi.o
         2          0          0          0          0         68   use_no_semi_2.o
        26          0          0          0          0        116   fpinit.o

    ----------------------------------------------------------------------
       418         12          0          0         96        780   Library Totals
         6          0          0          0          0          0   (incl. Padding)

    ----------------------------------------------------------------------

      Code (inc. data)   RO Data    RW Data    ZI Data      Debug   Library Name

       386         12          0          0         96        664   c_w.l
        26          0          0          0          0        116   fz_wm.l

    ----------------------------------------------------------------------
       418         12          0          0         96        780   Library Totals

    ----------------------------------------------------------------------

==============================================================================


      Code (inc. data)   RO Data    RW Data    ZI Data      Debug   

     12014         38        522         16       2000     109631   Grand Totals
     12014         38        522         16       2000     109631   ELF Image Totals
     12014         38        522         16          0          0   ROM Totals

==============================================================================

    Total RO  Size (Code + RO Data)                12536 (  12.24kB)
    Total RW  Size (RW Data + ZI Data)              2016 (   1.97kB)
    Total ROM Size (Code + RO Data + RW Data)      12552 (  12.26kB)

==============================================================================

